Archive member included to satisfy reference by file (symbol)

d:/program files (x86)/gnu arm embedded toolchain/10 2021.10/bin/../lib/gcc/arm-none-eabi/10.3.1/../../../../arm-none-eabi/lib/thumb/v7-m/nofp\libc_nano.a(lib_a-errno.o)
                              build/sysmem.o (__errno)
d:/program files (x86)/gnu arm embedded toolchain/10 2021.10/bin/../lib/gcc/arm-none-eabi/10.3.1/../../../../arm-none-eabi/lib/thumb/v7-m/nofp\libc_nano.a(lib_a-exit.o)
                              d:/program files (x86)/gnu arm embedded toolchain/10 2021.10/bin/../lib/gcc/arm-none-eabi/10.3.1/../../../../arm-none-eabi/lib/thumb/v7-m/nofp/crt0.o (exit)
d:/program files (x86)/gnu arm embedded toolchain/10 2021.10/bin/../lib/gcc/arm-none-eabi/10.3.1/../../../../arm-none-eabi/lib/thumb/v7-m/nofp\libc_nano.a(lib_a-impure.o)
                              d:/program files (x86)/gnu arm embedded toolchain/10 2021.10/bin/../lib/gcc/arm-none-eabi/10.3.1/../../../../arm-none-eabi/lib/thumb/v7-m/nofp\libc_nano.a(lib_a-exit.o) (_global_impure_ptr)
d:/program files (x86)/gnu arm embedded toolchain/10 2021.10/bin/../lib/gcc/arm-none-eabi/10.3.1/../../../../arm-none-eabi/lib/thumb/v7-m/nofp\libc_nano.a(lib_a-init.o)
                              d:/program files (x86)/gnu arm embedded toolchain/10 2021.10/bin/../lib/gcc/arm-none-eabi/10.3.1/../../../../arm-none-eabi/lib/thumb/v7-m/nofp/crt0.o (__libc_init_array)
d:/program files (x86)/gnu arm embedded toolchain/10 2021.10/bin/../lib/gcc/arm-none-eabi/10.3.1/../../../../arm-none-eabi/lib/thumb/v7-m/nofp\libc_nano.a(lib_a-memcpy-stub.o)
                              build/queue.o (memcpy)
d:/program files (x86)/gnu arm embedded toolchain/10 2021.10/bin/../lib/gcc/arm-none-eabi/10.3.1/../../../../arm-none-eabi/lib/thumb/v7-m/nofp\libc_nano.a(lib_a-memset.o)
                              d:/program files (x86)/gnu arm embedded toolchain/10 2021.10/bin/../lib/gcc/arm-none-eabi/10.3.1/../../../../arm-none-eabi/lib/thumb/v7-m/nofp/crt0.o (memset)
d:/program files (x86)/gnu arm embedded toolchain/10 2021.10/bin/../lib/gcc/arm-none-eabi/10.3.1/../../../../arm-none-eabi/lib/thumb/v7-m/nofp\libc_nano.a(lib_a-nano-vfprintf_float.o)
                              (_printf_float)
d:/program files (x86)/gnu arm embedded toolchain/10 2021.10/bin/../lib/gcc/arm-none-eabi/10.3.1/../../../../arm-none-eabi/lib/thumb/v7-m/nofp\libc_nano.a(lib_a-nano-vfprintf_i.o)
                              d:/program files (x86)/gnu arm embedded toolchain/10 2021.10/bin/../lib/gcc/arm-none-eabi/10.3.1/../../../../arm-none-eabi/lib/thumb/v7-m/nofp\libc_nano.a(lib_a-nano-vfprintf_float.o) (_printf_common)
d:/program files (x86)/gnu arm embedded toolchain/10 2021.10/bin/../lib/gcc/arm-none-eabi/10.3.1/../../../../arm-none-eabi/lib/thumb/v7-m/nofp\libc_nano.a(lib_a-strlen.o)
                              build/uart.o (strlen)
d:/program files (x86)/gnu arm embedded toolchain/10 2021.10/bin/../lib/gcc/arm-none-eabi/10.3.1/../../../../arm-none-eabi/lib/thumb/v7-m/nofp\libc_nano.a(lib_a-vsnprintf.o)
                              build/uart.o (vsnprintf)
d:/program files (x86)/gnu arm embedded toolchain/10 2021.10/bin/../lib/gcc/arm-none-eabi/10.3.1/../../../../arm-none-eabi/lib/thumb/v7-m/nofp\libc_nano.a(lib_a-dtoa.o)
                              d:/program files (x86)/gnu arm embedded toolchain/10 2021.10/bin/../lib/gcc/arm-none-eabi/10.3.1/../../../../arm-none-eabi/lib/thumb/v7-m/nofp\libc_nano.a(lib_a-nano-vfprintf_float.o) (_dtoa_r)
d:/program files (x86)/gnu arm embedded toolchain/10 2021.10/bin/../lib/gcc/arm-none-eabi/10.3.1/../../../../arm-none-eabi/lib/thumb/v7-m/nofp\libc_nano.a(lib_a-localeconv.o)
                              d:/program files (x86)/gnu arm embedded toolchain/10 2021.10/bin/../lib/gcc/arm-none-eabi/10.3.1/../../../../arm-none-eabi/lib/thumb/v7-m/nofp\libc_nano.a(lib_a-nano-vfprintf_float.o) (_localeconv_r)
d:/program files (x86)/gnu arm embedded toolchain/10 2021.10/bin/../lib/gcc/arm-none-eabi/10.3.1/../../../../arm-none-eabi/lib/thumb/v7-m/nofp\libc_nano.a(lib_a-malloc.o)
                              d:/program files (x86)/gnu arm embedded toolchain/10 2021.10/bin/../lib/gcc/arm-none-eabi/10.3.1/../../../../arm-none-eabi/lib/thumb/v7-m/nofp\libc_nano.a(lib_a-dtoa.o) (malloc)
d:/program files (x86)/gnu arm embedded toolchain/10 2021.10/bin/../lib/gcc/arm-none-eabi/10.3.1/../../../../arm-none-eabi/lib/thumb/v7-m/nofp\libc_nano.a(lib_a-memchr-stub.o)
                              d:/program files (x86)/gnu arm embedded toolchain/10 2021.10/bin/../lib/gcc/arm-none-eabi/10.3.1/../../../../arm-none-eabi/lib/thumb/v7-m/nofp\libc_nano.a(lib_a-nano-vfprintf_i.o) (memchr)
d:/program files (x86)/gnu arm embedded toolchain/10 2021.10/bin/../lib/gcc/arm-none-eabi/10.3.1/../../../../arm-none-eabi/lib/thumb/v7-m/nofp\libc_nano.a(lib_a-mprec.o)
[...]
Memory Configuration

Name             Origin             Length             Attributes
RAM              0x20000000         0x00005000         xrw
FLASH            0x08000000         0x00010000         xr
*default*        0x00000000         0xffffffff

Linker script and memory map

LOAD d:/program files (x86)/gnu arm embedded toolchain/10 2021.10/bin/../lib/gcc/arm-none-eabi/10.3.1/thumb/v7-m/nofp/crti.o
LOAD d:/program files (x86)/gnu arm embedded toolchain/10 2021.10/bin/../lib/gcc/arm-none-eabi/10.3.1/thumb/v7-m/nofp/crtbegin.o
LOAD d:/program files (x86)/gnu arm embedded toolchain/10 2021.10/bin/../lib/gcc/arm-none-eabi/10.3.1/../../../../arm-none-eabi/lib/thumb/v7-m/nofp/crt0.o
LOAD build/stm32f1xx_hal_gpio_ex.o
LOAD build/stm32f1xx_hal.o
LOAD build/stm32f1xx_hal_rcc.o
LOAD build/stm32f1xx_hal_rcc_ex.o
LOAD build/stm32f1xx_hal_gpio.o
LOAD build/stm32f1xx_hal_dma.o
LOAD build/stm32f1xx_hal_cortex.o
LOAD build/stm32f1xx_hal_pwr.o
LOAD build/stm32f1xx_hal_flash.o
LOAD build/stm32f1xx_hal_flash_ex.o
LOAD build/stm32f1xx_hal_exti.o
LOAD build/stm32f1xx_hal_tim.o
LOAD build/stm32f1xx_hal_tim_ex.o
LOAD build/stm32f1xx_hal_uart.o
LOAD build/croutine.o
LOAD build/event_groups.o
LOAD build/list.o
LOAD build/queue.o
LOAD build/stream_buffer.o
LOAD build/tasks.o
LOAD build/timers.o
LOAD build/cmsis_os2.o
LOAD build/heap_4.o
LOAD build/port.o
LOAD build/servo.o
LOAD build/uart.o
LOAD build/pid.o
LOAD build/motor.o
LOAD build/usart.o
LOAD build/stm32f1xx_it.o
LOAD build/stm32f1xx_hal_timebase_tim.o
LOAD build/main.o
LOAD build/gpio.o
LOAD build/sysmem.o
LOAD build/tim.o
LOAD build/stm32f1xx_hal_msp.o
LOAD build/syscalls.o
LOAD build/system_stm32f1xx.o
LOAD build/freertos.o
LOAD build/startup_stm32f103xb.o
LOAD d:/program files (x86)/gnu arm embedded toolchain/10 2021.10/bin/../lib/gcc/arm-none-eabi/10.3.1/../../../../arm-none-eabi/lib/thumb/v7-m/nofp\libc_nano.a
LOAD d:/program files (x86)/gnu arm embedded toolchain/10 2021.10/bin/../lib/gcc/arm-none-eabi/10.3.1/../../../../arm-none-eabi/lib/thumb/v7-m/nofp\libm.a
LOAD d:/program files (x86)/gnu arm embedded toolchain/10 2021.10/bin/../lib/gcc/arm-none-eabi/10.3.1/../../../../arm-none-eabi/lib/thumb/v7-m/nofp\libnosys.a
START GROUP
LOAD d:/program files (x86)/gnu arm embedded toolchain/10 2021.10/bin/../lib/gcc/arm-none-eabi/10.3.1/thumb/v7-m/nofp\libgcc.a
LOAD d:/program files (x86)/gnu arm embedded toolchain/10 2021.10/bin/../lib/gcc/arm-none-eabi/10.3.1/../../../../arm-none-eabi/lib/thumb/v7-m/nofp\libc_nano.a
END GROUP
START GROUP
LOAD d:/program files (x86)/gnu arm embedded toolchain/10 2021.10/bin/../lib/gcc/arm-none-eabi/10.3.1/thumb/v7-m/nofp\libgcc.a
LOAD d:/program files (x86)/gnu arm embedded toolchain/10 2021.10/bin/../lib/gcc/arm-none-eabi/10.3.1/../../../../arm-none-eabi/lib/thumb/v7-m/nofp\libc_nano.a
END GROUP
LOAD d:/program files (x86)/gnu arm embedded toolchain/10 2021.10/bin/../lib/gcc/arm-none-eabi/10.3.1/thumb/v7-m/nofp/crtend.o
LOAD d:/program files (x86)/gnu arm embedded toolchain/10 2021.10/bin/../lib/gcc/arm-none-eabi/10.3.1/thumb/v7-m/nofp/crtn.o
                0x20005000                _estack = (ORIGIN (RAM) + LENGTH (RAM))
                0x00001000                _Min_Heap_Size = 0x1000
                0x00000800                _Min_Stack_Size = 0x800

.isr_vector     0x08000000      0x10c
                0x08000000                . = ALIGN (0x4)
 *(.isr_vector)
 .isr_vector    0x08000000      0x10c build/startup_stm32f103xb.o
                0x08000000                g_pfnVectors
                0x0800010c                . = ALIGN (0x4)

.text           0x08000110     0x91e4
                0x08000110                . = ALIGN (0x4)
 *(.text)
 .text          0x08000110       0x40 d:/program files (x86)/gnu arm embedded toolchain/10 2021.10/bin/../lib/gcc/arm-none-eabi/10.3.1/thumb/v7-m/nofp/crtbegin.o
 .text          0x08000150       0x10 d:/program files (x86)/gnu arm embedded toolchain/10 2021.10/bin/../lib/gcc/arm-none-eabi/10.3.1/../../../../arm-none-eabi/lib/thumb/v7-m/nofp\libc_nano.a(lib_a-strlen.o)
                0x08000150                strlen
 .text          0x08000160      0x378 d:/program files (x86)/gnu arm embedded toolchain/10 2021.10/bin/../lib/gcc/arm-none-eabi/10.3.1/thumb/v7-m/nofp\libgcc.a(_arm_addsubdf3.o)
                0x08000160                __aeabi_drsub
                0x08000168                __aeabi_dsub
                0x08000168                __subdf3
                0x0800016c                __aeabi_dadd
                0x0800016c                __adddf3
                0x080003e4                __floatunsidf
                0x080003e4                __aeabi_ui2d
                0x08000404                __floatsidf
                0x08000404                __aeabi_i2d
                0x08000428                __aeabi_f2d
                0x08000428                __extendsfdf2
                0x0800046c                __floatundidf
                0x0800046c                __aeabi_ul2d
                0x0800047c                __floatdidf
                0x0800047c                __aeabi_l2d
 .text          0x080004d8      0x424 d:/program files (x86)/gnu arm embedded toolchain/10 2021.10/bin/../lib/gcc/arm-none-eabi/10.3.1/thumb/v7-m/nofp\libgcc.a(_arm_muldivdf3.o)
                0x080004d8                __aeabi_dmul
                0x080004d8                __muldf3
                0x0800072c                __divdf3
                0x0800072c                __aeabi_ddiv
 .text          0x080008fc      0x110 d:/program files (x86)/gnu arm embedded toolchain/10 2021.10/bin/../lib/gcc/arm-none-eabi/10.3.1/thumb/v7-m/nofp\libgcc.a(_arm_cmpdf2.o)
                0x080008fc                __gtdf2
                0x080008fc                __gedf2
                0x08000904                __ltdf2
                0x08000904                __ledf2
                0x0800090c                __nedf2
                0x0800090c                __eqdf2
                0x0800090c                __cmpdf2
                0x08000988                __aeabi_cdrcmple
                0x08000998                __aeabi_cdcmpeq
                0x08000998                __aeabi_cdcmple
                0x080009a8                __aeabi_dcmpeq
                0x080009bc                __aeabi_dcmplt
                0x080009d0                __aeabi_dcmple
                0x080009e4                __aeabi_dcmpge
                0x080009f8                __aeabi_dcmpgt
 .text          0x08000a0c       0x2c d:/program files (x86)/gnu arm embedded toolchain/10 2021.10/bin/../lib/gcc/arm-none-eabi/10.3.1/thumb/v7-m/nofp\libgcc.a(_arm_unorddf2.o)
                0x08000a0c                __unorddf2
                0x08000a0c                __aeabi_dcmpun
 .text          0x08000a38       0x50 d:/program files (x86)/gnu arm embedded toolchain/10 2021.10/bin/../lib/gcc/arm-none-eabi/10.3.1/thumb/v7-m/nofp\libgcc.a(_arm_fixdfsi.o)
                0x08000a38                __aeabi_d2iz
                0x08000a38                __fixdfsi
 .text          0x08000a88      0x21c d:/program files (x86)/gnu arm embedded toolchain/10 2021.10/bin/../lib/gcc/arm-none-eabi/10.3.1/thumb/v7-m/nofp\libgcc.a(_arm_addsubsf3.o)
                0x08000a88                __aeabi_frsub
                0x08000a90                __subsf3
                0x08000a90                __aeabi_fsub
                0x08000a94                __aeabi_fadd
                0x08000a94                __addsf3
                0x08000bf4                __aeabi_ui2f
                0x08000bf4                __floatunsisf
                0x08000bfc                __aeabi_i2f
                0x08000bfc                __floatsisf
                0x08000c18                __aeabi_ul2f
                0x08000c18                __floatundisf
                0x08000c28                __aeabi_l2f
                0x08000c28                __floatdisf
 .text          0x08000ca4      0x2a0 d:/program files (x86)/gnu arm embedded toolchain/10 2021.10/bin/../lib/gcc/arm-none-eabi/10.3.1/thumb/v7-m/nofp\libgcc.a(_arm_muldivsf3.o)
                0x08000ca4                __mulsf3
                0x08000ca4                __aeabi_fmul
                0x08000e0c                __aeabi_fdiv
                0x08000e0c                __divsf3
 .text          0x08000f44       0xec d:/program files (x86)/gnu arm embedded toolchain/10 2021.10/bin/../lib/gcc/arm-none-eabi/10.3.1/thumb/v7-m/nofp\libgcc.a(_arm_cmpsf2.o)
                0x08000f44                __gesf2
                0x08000f44                __gtsf2
                0x08000f4c                __lesf2
                0x08000f4c                __ltsf2
                0x08000f54                __nesf2
                0x08000f54                __eqsf2
                0x08000f54                __cmpsf2
                0x08000fb4                __aeabi_cfrcmple
                0x08000fbc                __aeabi_cfcmpeq
                0x08000fbc                __aeabi_cfcmple
                0x08000fcc                __aeabi_fcmpeq
                0x08000fe0                __aeabi_fcmplt
                0x08000ff4                __aeabi_fcmple
                0x08001008                __aeabi_fcmpge
                0x0800101c                __aeabi_fcmpgt
 .text          0x08001030       0x4c d:/program files (x86)/gnu arm embedded toolchain/10 2021.10/bin/../lib/gcc/arm-none-eabi/10.3.1/thumb/v7-m/nofp\libgcc.a(_arm_fixsfsi.o)
                0x08001030                __aeabi_f2iz
                0x08001030                __fixsfsi
 .text          0x0800107c       0x40 d:/program files (x86)/gnu arm embedded toolchain/10 2021.10/bin/../lib/gcc/arm-none-eabi/10.3.1/thumb/v7-m/nofp\libgcc.a(_arm_fixunssfsi.o)
                0x0800107c                __fixunssfsi
                0x0800107c                __aeabi_f2uiz
 *(.text*)
 .text.HAL_Init
                0x080010bc       0x24 build/stm32f1xx_hal.o
                0x080010bc                HAL_Init
 .text.HAL_IncTick
                0x080010e0       0x18 build/stm32f1xx_hal.o
                0x080010e0                HAL_IncTick
 .text.HAL_GetTick
                0x080010f8        0xc build/stm32f1xx_hal.o
                0x080010f8                HAL_GetTick
 .text.RCC_Delay
                0x08001104       0x2c build/stm32f1xx_hal_rcc.o
 .text.HAL_RCC_OscConfig
                0x08001130      0x410 build/stm32f1xx_hal_rcc.o
                0x08001130                HAL_RCC_OscConfig
 .text.HAL_RCC_GetSysClockFreq
                0x08001540       0x54 build/stm32f1xx_hal_rcc.o
                0x08001540                HAL_RCC_GetSysClockFreq
 .text.HAL_RCC_ClockConfig
                0x08001594      0x16c build/stm32f1xx_hal_rcc.o
                0x08001594                HAL_RCC_ClockConfig
 .text.HAL_RCC_GetHCLKFreq
                0x08001700        0xc build/stm32f1xx_hal_rcc.o
                0x08001700                HAL_RCC_GetHCLKFreq
 .text.HAL_RCC_GetPCLK1Freq
                0x0800170c       0x20 build/stm32f1xx_hal_rcc.o
                0x0800170c                HAL_RCC_GetPCLK1Freq
 .text.HAL_RCC_GetPCLK2Freq
                0x0800172c       0x20 build/stm32f1xx_hal_rcc.o
                0x0800172c                HAL_RCC_GetPCLK2Freq
 .text.HAL_RCC_GetClockConfig
                0x0800174c       0x3c build/stm32f1xx_hal_rcc.o
                0x0800174c                HAL_RCC_GetClockConfig
 .text.HAL_GPIO_Init
                0x08001788      0x224 build/stm32f1xx_hal_gpio.o
                0x08001788                HAL_GPIO_Init
 .text.HAL_GPIO_ReadPin
                0x080019ac        0xe build/stm32f1xx_hal_gpio.o
                0x080019ac                HAL_GPIO_ReadPin
 .text.HAL_GPIO_WritePin
                0x080019ba        0xc build/stm32f1xx_hal_gpio.o
                0x080019ba                HAL_GPIO_WritePin
 *fill*         0x080019c6        0x2 
 .text.HAL_GPIO_EXTI_IRQHandler
                0x080019c8       0x1c build/stm32f1xx_hal_gpio.o
                0x080019c8                HAL_GPIO_EXTI_IRQHandler
 .text.HAL_DMA_Abort
                0x080019e4       0x46 build/stm32f1xx_hal_dma.o
                0x080019e4                HAL_DMA_Abort
 *fill*         0x08001a2a        0x2 
 .text.HAL_DMA_Abort_IT
                0x08001a2c       0x98 build/stm32f1xx_hal_dma.o
                0x08001a2c                HAL_DMA_Abort_IT
 .text.HAL_NVIC_SetPriorityGrouping
                0x08001ac4       0x24 build/stm32f1xx_hal_cortex.o
                0x08001ac4                HAL_NVIC_SetPriorityGrouping
 .text.HAL_NVIC_SetPriority
                0x08001ae8       0x70 build/stm32f1xx_hal_cortex.o
                0x08001ae8                HAL_NVIC_SetPriority
 .text.HAL_NVIC_EnableIRQ
                0x08001b58       0x1c build/stm32f1xx_hal_cortex.o
                0x08001b58                HAL_NVIC_EnableIRQ
 .text.TIM_OC1_SetConfig
                0x08001b74       0x5c build/stm32f1xx_hal_tim.o
 .text.TIM_OC3_SetConfig
                0x08001bd0       0x64 build/stm32f1xx_hal_tim.o
 .text.TIM_OC4_SetConfig
                0x08001c34       0x48 build/stm32f1xx_hal_tim.o
 .text.HAL_TIM_Base_MspInit
                0x08001c7c        0x2 build/stm32f1xx_hal_tim.o
                0x08001c7c                HAL_TIM_Base_MspInit
 *fill*         0x08001c7e        0x2 
 .text.HAL_TIM_Base_Start_IT
                0x08001c80       0x68 build/stm32f1xx_hal_tim.o
                0x08001c80                HAL_TIM_Base_Start_IT
 .text.HAL_TIM_OC_DelayElapsedCallback
                0x08001ce8        0x2 build/stm32f1xx_hal_tim.o
                0x08001ce8                HAL_TIM_OC_DelayElapsedCallback
 .text.HAL_TIM_IC_CaptureCallback
                0x08001cea        0x2 build/stm32f1xx_hal_tim.o
                0x08001cea                HAL_TIM_IC_CaptureCallback
 .text.HAL_TIM_PWM_PulseFinishedCallback
                0x08001cec        0x2 build/stm32f1xx_hal_tim.o
                0x08001cec                HAL_TIM_PWM_PulseFinishedCallback
 .text.HAL_TIM_TriggerCallback
                0x08001cee        0x2 build/stm32f1xx_hal_tim.o
                0x08001cee                HAL_TIM_TriggerCallback
 .text.HAL_TIM_IRQHandler
                0x08001cf0      0x17a build/stm32f1xx_hal_tim.o
                0x08001cf0                HAL_TIM_IRQHandler
 *fill*         0x08001e6a        0x2 
 .text.TIM_Base_SetConfig
                0x08001e6c       0x74 build/stm32f1xx_hal_tim.o
                0x08001e6c                TIM_Base_SetConfig
 .text.HAL_TIM_Base_Init
                0x08001ee0       0x58 build/stm32f1xx_hal_tim.o
                0x08001ee0                HAL_TIM_Base_Init
 .text.HAL_TIM_PWM_Init
                0x08001f38       0x58 build/stm32f1xx_hal_tim.o
                0x08001f38                HAL_TIM_PWM_Init
 .text.TIM_OC2_SetConfig
                0x08001f90       0x64 build/stm32f1xx_hal_tim.o
                0x08001f90                TIM_OC2_SetConfig
 .text.HAL_TIM_PWM_ConfigChannel
                0x08001ff4       0xdc build/stm32f1xx_hal_tim.o
                0x08001ff4                HAL_TIM_PWM_ConfigChannel
 .text.TIM_CCxChannelCmd
                0x080020d0       0x1e build/stm32f1xx_hal_tim.o
                0x080020d0                TIM_CCxChannelCmd
 *fill*         0x080020ee        0x2 
 .text.HAL_TIM_PWM_Start
                0x080020f0       0xdc build/stm32f1xx_hal_tim.o
                0x080020f0                HAL_TIM_PWM_Start
 .text.HAL_TIM_PWM_Stop
                0x080021cc       0x84 build/stm32f1xx_hal_tim.o
                0x080021cc                HAL_TIM_PWM_Stop
 .text.HAL_TIMEx_MasterConfigSynchronization
                0x08002250       0x6c build/stm32f1xx_hal_tim_ex.o
                0x08002250                HAL_TIMEx_MasterConfigSynchronization
 .text.HAL_TIMEx_CommutCallback
                0x080022bc        0x2 build/stm32f1xx_hal_tim_ex.o
                0x080022bc                HAL_TIMEx_CommutCallback
 .text.HAL_TIMEx_BreakCallback
                0x080022be        0x2 build/stm32f1xx_hal_tim_ex.o
                0x080022be                HAL_TIMEx_BreakCallback
 .text.UART_EndRxTransfer
                0x080022c0       0x5c build/stm32f1xx_hal_uart.o
 .text.UART_Transmit_IT
                0x0800231c       0x60 build/stm32f1xx_hal_uart.o
 .text.UART_SetConfig
                0x0800237c       0x94 build/stm32f1xx_hal_uart.o
 .text.UART_WaitOnFlagUntilTimeout
                0x08002410       0x88 build/stm32f1xx_hal_uart.o
 .text.HAL_UART_Init
                0x08002498       0x60 build/stm32f1xx_hal_uart.o
                0x08002498                HAL_UART_Init
 .text.HAL_UART_Transmit
                0x080024f8       0xbe build/stm32f1xx_hal_uart.o
                0x080024f8                HAL_UART_Transmit
 .text.HAL_UART_TxCpltCallback
                0x080025b6        0x2 build/stm32f1xx_hal_uart.o
                0x080025b6                HAL_UART_TxCpltCallback
 .text.UART_EndTransmit_IT
                0x080025b8       0x1a build/stm32f1xx_hal_uart.o
 .text.HAL_UART_ErrorCallback
                0x080025d2        0x2 build/stm32f1xx_hal_uart.o
                0x080025d2                HAL_UART_ErrorCallback
 .text.UART_DMAAbortOnError
                0x080025d4       0x10 build/stm32f1xx_hal_uart.o
 .text.HAL_UARTEx_RxEventCallback
                0x080025e4        0x2 build/stm32f1xx_hal_uart.o
                0x080025e4                HAL_UARTEx_RxEventCallback
 .text.UART_Receive_IT
                0x080025e6       0xe6 build/stm32f1xx_hal_uart.o
 .text.HAL_UART_IRQHandler
                0x080026cc      0x288 build/stm32f1xx_hal_uart.o
                0x080026cc                HAL_UART_IRQHandler
 .text.UART_Start_Receive_IT
                0x08002954       0x36 build/stm32f1xx_hal_uart.o
                0x08002954                UART_Start_Receive_IT
 .text.HAL_UART_Receive_IT
                0x0800298a       0x26 build/stm32f1xx_hal_uart.o
                0x0800298a                HAL_UART_Receive_IT
 .text.vListInitialise
                0x080029b0       0x16 build/list.o
                0x080029b0                vListInitialise
 .text.vListInitialiseItem
                0x080029c6        0x6 build/list.o
                0x080029c6                vListInitialiseItem
 .text.vListInsertEnd
                0x080029cc       0x16 build/list.o
                0x080029cc                vListInsertEnd
 .text.vListInsert
                0x080029e2       0x32 build/list.o
                0x080029e2                vListInsert
 .text.uxListRemove
                0x08002a14       0x26 build/list.o
                0x08002a14                uxListRemove
 .text.prvGetDisinheritPriorityAfterTimeout
                0x08002a3a       0x10 build/queue.o
 .text.prvIsQueueFull
                0x08002a4a       0x1e build/queue.o
 .text.prvIsQueueEmpty
                0x08002a68       0x1a build/queue.o
 .text.prvCopyDataToQueue
                0x08002a82       0x76 build/queue.o
 .text.prvCopyDataFromQueue
                0x08002af8       0x24 build/queue.o
 .text.prvUnlockQueue
                0x08002b1c       0x6e build/queue.o
 .text.xQueueGenericReset
                0x08002b8a       0x84 build/queue.o
                0x08002b8a                xQueueGenericReset
 .text.prvInitialiseNewQueue
                0x08002c0e       0x22 build/queue.o
 .text.xQueueGenericCreateStatic
                0x08002c30       0x92 build/queue.o
                0x08002c30                xQueueGenericCreateStatic
 .text.xQueueGenericCreate
                0x08002cc2       0x4e build/queue.o
                0x08002cc2                xQueueGenericCreate
 .text.xQueueGenericSend
                0x08002d10      0x188 build/queue.o
                0x08002d10                xQueueGenericSend
 .text.prvInitialiseMutex
                0x08002e98       0x18 build/queue.o
 .text.xQueueCreateMutex
                0x08002eb0       0x16 build/queue.o
                0x08002eb0                xQueueCreateMutex
 .text.xQueueGenericSendFromISR
                0x08002ec6       0xcc build/queue.o
                0x08002ec6                xQueueGenericSendFromISR
 .text.xQueueGiveFromISR
                0x08002f92       0xb2 build/queue.o
                0x08002f92                xQueueGiveFromISR
 .text.xQueueReceive
                0x08003044      0x15e build/queue.o
                0x08003044                xQueueReceive
 .text.xQueueSemaphoreTake
                0x080031a2      0x1a6 build/queue.o
                0x080031a2                xQueueSemaphoreTake
 .text.xQueueReceiveFromISR
                0x08003348       0xa8 build/queue.o
                0x08003348                xQueueReceiveFromISR
 .text.vQueueAddToRegistry
                0x080033f0       0x28 build/queue.o
                0x080033f0                vQueueAddToRegistry
 .text.vQueueWaitForMessageRestricted
                0x08003418       0x52 build/queue.o
                0x08003418                vQueueWaitForMessageRestricted
 *fill*         0x0800346a        0x2 
 .text.prvResetNextTaskUnblockTime
                0x0800346c       0x2c build/tasks.o
 .text.prvInitialiseNewTask
                0x08003498       0x9c build/tasks.o
 .text.prvInitialiseTaskLists
                0x08003534       0x68 build/tasks.o
 .text.prvAddNewTaskToReadyList
                0x0800359c       0xac build/tasks.o
 .text.prvDeleteTCB
                0x08003648       0x38 build/tasks.o
 .text.prvCheckTasksWaitingTermination
                0x08003680       0x4c build/tasks.o
 .text.prvIdleTask
                0x080036cc       0x28 build/tasks.o
 .text.prvAddCurrentTaskToDelayedList
                0x080036f4       0x7c build/tasks.o
 .text.xTaskCreateStatic
                0x08003770       0x74 build/tasks.o
                0x08003770                xTaskCreateStatic
 .text.xTaskCreate
                0x080037e4       0x68 build/tasks.o
                0x080037e4                xTaskCreate
 .text.vTaskStartScheduler
                0x0800384c       0x9c build/tasks.o
                0x0800384c                vTaskStartScheduler
 .text.vTaskSuspendAll
                0x080038e8       0x10 build/tasks.o
                0x080038e8                vTaskSuspendAll
 .text.xTaskGetTickCount
                0x080038f8        0xc build/tasks.o
                0x080038f8                xTaskGetTickCount
 .text.xTaskIncrementTick
                0x08003904      0x118 build/tasks.o
                0x08003904                xTaskIncrementTick
 .text.xTaskResumeAll
                0x08003a1c       0xf8 build/tasks.o
                0x08003a1c                xTaskResumeAll
 .text.vTaskDelay
                0x08003b14       0x4c build/tasks.o
                0x08003b14                vTaskDelay
 .text.vTaskSwitchContext
                0x08003b60       0x94 build/tasks.o
                0x08003b60                vTaskSwitchContext
 .text.vTaskPlaceOnEventList
                0x08003bf4       0x30 build/tasks.o
                0x08003bf4                vTaskPlaceOnEventList
 .text.vTaskPlaceOnEventListRestricted
                0x08003c24       0x38 build/tasks.o
                0x08003c24                vTaskPlaceOnEventListRestricted
 .text.xTaskRemoveFromEventList
                0x08003c5c       0x8c build/tasks.o
                0x08003c5c                xTaskRemoveFromEventList
 .text.vTaskInternalSetTimeOutState
                0x08003ce8       0x18 build/tasks.o
                0x08003ce8                vTaskInternalSetTimeOutState
 .text.xTaskCheckForTimeOut
                0x08003d00       0x84 build/tasks.o
                0x08003d00                xTaskCheckForTimeOut
 .text.vTaskMissedYield
                0x08003d84        0xc build/tasks.o
                0x08003d84                vTaskMissedYield
 .text.xTaskGetSchedulerState
                0x08003d90       0x20 build/tasks.o
                0x08003d90                xTaskGetSchedulerState
 .text.xTaskPriorityInherit
                0x08003db0       0x98 build/tasks.o
                0x08003db0                xTaskPriorityInherit
 .text.xTaskPriorityDisinherit
                0x08003e48       0x90 build/tasks.o
                0x08003e48                xTaskPriorityDisinherit
 .text.vTaskPriorityDisinheritAfterTimeout
                0x08003ed8       0xa0 build/tasks.o
                0x08003ed8                vTaskPriorityDisinheritAfterTimeout
 .text.pvTaskIncrementMutexHeldCount
                0x08003f78       0x1c build/tasks.o
                0x08003f78                pvTaskIncrementMutexHeldCount
 .text.prvGetNextExpireTime
                0x08003f94       0x20 build/timers.o
 .text.prvInsertTimerInActiveList
                0x08003fb4       0x48 build/timers.o
 .text.prvCheckForValidListAndQueue
                0x08003ffc       0x70 build/timers.o
 .text.prvInitialiseNewTimer
                0x0800406c       0x40 build/timers.o
 .text.xTimerCreateTimerTask
                0x080040ac       0x64 build/timers.o
                0x080040ac                xTimerCreateTimerTask
 .text.xTimerCreate
                0x08004110       0x38 build/timers.o
                0x08004110                xTimerCreate
 .text.xTimerGenericCommand
                0x08004148       0x6c build/timers.o
                0x08004148                xTimerGenericCommand
 .text.prvSwitchTimerLists
                0x080041b4       0x78 build/timers.o
 .text.prvSampleTimeNow
                0x0800422c       0x2c build/timers.o
 .text.prvProcessExpiredTimer
                0x08004258       0x60 build/timers.o
 .text.prvProcessTimerOrBlockTask
                0x080042b8       0x74 build/timers.o
 .text.prvProcessReceivedCommands
                0x0800432c       0xf8 build/timers.o
 .text.prvTimerTask
                0x08004424       0x16 build/timers.o
 *fill*         0x0800443a        0x2 
 .text.osKernelInitialize
                0x0800443c       0x44 build/cmsis_os2.o
                0x0800443c                osKernelInitialize
 .text.osKernelStart
                0x08004480       0x4c build/cmsis_os2.o
                0x08004480                osKernelStart
 .text.osThreadNew
                0x080044cc       0xec build/cmsis_os2.o
                0x080044cc                osThreadNew
 .text.osDelay  0x080045b8       0x44 build/cmsis_os2.o
                0x080045b8                osDelay
 .text.vApplicationGetIdleTaskMemory
                0x080045fc       0x18 build/cmsis_os2.o
                0x080045fc                vApplicationGetIdleTaskMemory
 .text.vApplicationGetTimerTaskMemory
                0x08004614       0x18 build/cmsis_os2.o
                0x08004614                vApplicationGetTimerTaskMemory
 .text.prvHeapInit
                0x0800462c       0x68 build/heap_4.o
 .text.prvInsertBlockIntoFreeList
                0x08004694       0x60 build/heap_4.o
 .text.pvPortMalloc
                0x080046f4       0xf0 build/heap_4.o
                0x080046f4                pvPortMalloc
 .text.vPortFree
                0x080047e4       0x70 build/heap_4.o
                0x080047e4                vPortFree
 .text.prvTaskExitError
                0x08004854       0x40 build/port.o
 .text.prvPortStartFirstTask
                0x08004894       0x20 build/port.o
 .text.pxPortInitialiseStack
                0x080048b4       0x24 build/port.o
                0x080048b4                pxPortInitialiseStack
 *fill*         0x080048d8        0x8 
 .text.SVC_Handler
                0x080048e0       0x24 build/port.o
                0x080048e0                SVC_Handler
 .text.vPortEnterCritical
                0x08004904       0x44 build/port.o
                0x08004904                vPortEnterCritical
 .text.vPortExitCritical
                0x08004948       0x2c build/port.o
                0x08004948                vPortExitCritical
 *fill*         0x08004974        0xc 
 .text.PendSV_Handler
                0x08004980       0x44 build/port.o
                0x08004980                PendSV_Handler
 .text.SysTick_Handler
                0x080049c4       0x2c build/port.o
                0x080049c4                SysTick_Handler
 .text.vPortSetupTimerInterrupt
                0x080049f0       0x28 build/port.o
                0x080049f0                vPortSetupTimerInterrupt
 .text.xPortStartScheduler
                0x08004a18       0xc0 build/port.o
                0x08004a18                xPortStartScheduler
 .text.vPortValidateInterruptPriority
                0x08004ad8       0x5c build/port.o
                0x08004ad8                vPortValidateInterruptPriority
 .text.Servo_SetAngle
                0x08004b34       0xe8 build/servo.o
                0x08004b34                Servo_SetAngle
 .text.Servo_Config
                0x08004c1c       0x2c build/servo.o
                0x08004c1c                Servo_Config
 .text.Servo_Task
                0x08004c48       0x1c build/servo.o
                0x08004c48                Servo_Task
 .text.UART_Printf
                0x08004c64       0x4c build/uart.o
 .text.UartPrintf
                0x08004cb0       0x28 build/uart.o
                0x08004cb0                UartPrintf
 .text.Uart_Config
                0x08004cd8       0x18 build/uart.o
                0x08004cd8                Uart_Config
 .text.HAL_UART_RxCpltCallback
                0x08004cf0       0x68 build/uart.o
                0x08004cf0                HAL_UART_RxCpltCallback
 .text.SaveUartData
                0x08004d58       0x26 build/uart.o
                0x08004d58                SaveUartData
 *fill*         0x08004d7e        0x2 
 .text.PrintUartData
                0x08004d80       0x54 build/uart.o
                0x08004d80                PrintUartData
 .text.Uart_Task
                0x08004dd4      0x374 build/uart.o
                0x08004dd4                Uart_Task
 .text.PID_Init
                0x08005148       0x26 build/pid.o
                0x08005148                PID_Init
 .text.PID_Compute
                0x0800516e       0xd8 build/pid.o
                0x0800516e                PID_Compute
 *fill*         0x08005246        0x2 
 .text.Motor_SetSpeed
                0x08005248      0x158 build/motor.o
                0x08005248                Motor_SetSpeed
 .text.Motor_Config
                0x080053a0       0x3c build/motor.o
                0x080053a0                Motor_Config
 .text.Motor_stop
                0x080053dc       0x3c build/motor.o
                0x080053dc                Motor_stop
 .text.Motor_start
                0x08005418       0x3c build/motor.o
                0x08005418                Motor_start
 .text.KeyTimerFunc
                0x08005454       0xb0 build/motor.o
                0x08005454                KeyTimerFunc
 .text.SpeedSetTimerFun
                0x08005504      0x100 build/motor.o
                0x08005504                SpeedSetTimerFun
 .text.Motor_SetCompSpeed
                0x08005604        0x4 build/motor.o
                0x08005604                Motor_SetCompSpeed
 .text.PID_setMotorPoint
                0x08005608       0x20 build/motor.o
                0x08005608                PID_setMotorPoint
 .text.Motor_Task
                0x08005628      0x3b4 build/motor.o
                0x08005628                Motor_Task
 .text.vONEShotTimerFunc1
                0x080059dc       0x44 build/motor.o
                0x080059dc                vONEShotTimerFunc1
 .text.vONEShotTimerFunc2
                0x08005a20       0x44 build/motor.o
                0x08005a20                vONEShotTimerFunc2
 .text.vONEShotTimerFunc3
                0x08005a64       0x44 build/motor.o
                0x08005a64                vONEShotTimerFunc3
 .text.HAL_GPIO_EXTI_Callback
                0x08005aa8       0xdc build/motor.o
                0x08005aa8                HAL_GPIO_EXTI_Callback
 .text.MX_USART1_UART_Init
                0x08005b84       0x34 build/usart.o
                0x08005b84                MX_USART1_UART_Init
 .text.HAL_UART_MspInit
                0x08005bb8       0x88 build/usart.o
                0x08005bb8                HAL_UART_MspInit
 .text.NMI_Handler
                0x08005c40        0x2 build/stm32f1xx_it.o
                0x08005c40                NMI_Handler
 .text.HardFault_Handler
                0x08005c42        0x2 build/stm32f1xx_it.o
                0x08005c42                HardFault_Handler
 .text.MemManage_Handler
                0x08005c44        0x2 build/stm32f1xx_it.o
                0x08005c44                MemManage_Handler
 .text.BusFault_Handler
                0x08005c46        0x2 build/stm32f1xx_it.o
                0x08005c46                BusFault_Handler
 .text.UsageFault_Handler
                0x08005c48        0x2 build/stm32f1xx_it.o
                0x08005c48                UsageFault_Handler
 .text.DebugMon_Handler
                0x08005c4a        0x2 build/stm32f1xx_it.o
                0x08005c4a                DebugMon_Handler
 .text.EXTI9_5_IRQHandler
                0x08005c4c        0xc build/stm32f1xx_it.o
                0x08005c4c                EXTI9_5_IRQHandler
 .text.TIM4_IRQHandler
                0x08005c58       0x10 build/stm32f1xx_it.o
                0x08005c58                TIM4_IRQHandler
 .text.USART1_IRQHandler
                0x08005c68       0x10 build/stm32f1xx_it.o
                0x08005c68                USART1_IRQHandler
 .text.EXTI15_10_IRQHandler
                0x08005c78       0x1c build/stm32f1xx_it.o
                0x08005c78                EXTI15_10_IRQHandler
 .text.HAL_InitTick
                0x08005c94       0xa0 build/stm32f1xx_hal_timebase_tim.o
                0x08005c94                HAL_InitTick
 .text.HAL_TIM_PeriodElapsedCallback
                0x08005d34       0x18 build/main.o
                0x08005d34                HAL_TIM_PeriodElapsedCallback
 .text.Error_Handler
                0x08005d4c        0x4 build/main.o
                0x08005d4c                Error_Handler
 .text.SystemClock_Config
                0x08005d50       0x64 build/main.o
                0x08005d50                SystemClock_Config
 .text.main     0x08005db4       0x28 build/main.o
                0x08005db4                main
 .text.MX_GPIO_Init
                0x08005ddc      0x15c build/gpio.o
                0x08005ddc                MX_GPIO_Init
 .text._sbrk    0x08005f38       0x48 build/sysmem.o
                0x08005f38                _sbrk
 .text.HAL_TIM_PWM_MspInit
                0x08005f80       0x4c build/tim.o
                0x08005f80                HAL_TIM_PWM_MspInit
 .text.HAL_TIM_MspPostInit
                0x08005fcc       0xa8 build/tim.o
                0x08005fcc                HAL_TIM_MspPostInit
 .text.MX_TIM2_Init
                0x08006074       0xb8 build/tim.o
                0x08006074                MX_TIM2_Init
 .text.MX_TIM3_Init
                0x0800612c       0xb8 build/tim.o
                0x0800612c                MX_TIM3_Init
 .text.HAL_MspInit
                0x080061e4       0x54 build/stm32f1xx_hal_msp.o
                0x080061e4                HAL_MspInit
 .text._getpid  0x08006238        0x4 build/syscalls.o
                0x08006238                _getpid
 .text._kill    0x0800623c       0x10 build/syscalls.o
                0x0800623c                _kill
 .text._exit    0x0800624c        0xc build/syscalls.o
                0x0800624c                _exit
 .text._read    0x08006258       0x20 build/syscalls.o
                0x08006258                _read
 .text._write   0x08006278       0x1c build/syscalls.o
                0x08006278                _write
 .text._close   0x08006294        0x6 build/syscalls.o
                0x08006294                _close
 .text._fstat   0x0800629a        0xa build/syscalls.o
                0x0800629a                _fstat
 .text._isatty  0x080062a4        0x4 build/syscalls.o
                0x080062a4                _isatty
 .text._lseek   0x080062a8        0x4 build/syscalls.o
                0x080062a8                _lseek
 .text.SystemInit
                0x080062ac        0x2 build/system_stm32f1xx.o
                0x080062ac                SystemInit
 .text.StartDefaultTask
                0x080062ae        0xa build/freertos.o
                0x080062ae                StartDefaultTask
 .text.MX_FREERTOS_Init
                0x080062b8      0x190 build/freertos.o
                0x080062b8                MX_FREERTOS_Init
 .text.Reset_Handler
                0x08006448       0x48 build/startup_stm32f103xb.o
                0x08006448                Reset_Handler
 .text.Default_Handler
                0x08006490        0x2 build/startup_stm32f103xb.o
                0x08006490                RTC_Alarm_IRQHandler
                0x08006490                EXTI2_IRQHandler
                0x08006490                TIM1_CC_IRQHandler
                0x08006490                PVD_IRQHandler
                0x08006490                EXTI3_IRQHandler
                0x08006490                EXTI0_IRQHandler
                0x08006490                I2C2_EV_IRQHandler
                0x08006490                ADC1_2_IRQHandler
                0x08006490                SPI1_IRQHandler
                0x08006490                TAMPER_IRQHandler
                0x08006490                DMA1_Channel4_IRQHandler
                0x08006490                USART3_IRQHandler
                0x08006490                RTC_IRQHandler
                0x08006490                DMA1_Channel7_IRQHandler
                0x08006490                CAN1_RX1_IRQHandler
                0x08006490                I2C1_EV_IRQHandler
                0x08006490                DMA1_Channel6_IRQHandler
                0x08006490                TIM3_IRQHandler
                0x08006490                RCC_IRQHandler
                0x08006490                TIM1_TRG_COM_IRQHandler
                0x08006490                DMA1_Channel1_IRQHandler
                0x08006490                Default_Handler
                0x08006490                SPI2_IRQHandler
                0x08006490                DMA1_Channel5_IRQHandler
                0x08006490                EXTI4_IRQHandler
                0x08006490                USB_LP_CAN1_RX0_IRQHandler
                0x08006490                USB_HP_CAN1_TX_IRQHandler
                0x08006490                DMA1_Channel3_IRQHandler
                0x08006490                TIM1_UP_IRQHandler
                0x08006490                WWDG_IRQHandler
                0x08006490                TIM2_IRQHandler
                0x08006490                TIM1_BRK_IRQHandler
                0x08006490                EXTI1_IRQHandler
                0x08006490                USART2_IRQHandler
                0x08006490                I2C2_ER_IRQHandler
                0x08006490                DMA1_Channel2_IRQHandler
                0x08006490                CAN1_SCE_IRQHandler
                0x08006490                FLASH_IRQHandler
                0x08006490                I2C1_ER_IRQHandler
                0x08006490                USBWakeUp_IRQHandler
 *fill*         0x08006492        0x2 
 .text.__errno  0x08006494        0xc d:/program files (x86)/gnu arm embedded toolchain/10 2021.10/bin/../lib/gcc/arm-none-eabi/10.3.1/../../../../arm-none-eabi/lib/thumb/v7-m/nofp\libc_nano.a(lib_a-errno.o)
                0x08006494                __errno
 .text.__libc_init_array
                0x080064a0       0x48 d:/program files (x86)/gnu arm embedded toolchain/10 2021.10/bin/../lib/gcc/arm-none-eabi/10.3.1/../../../../arm-none-eabi/lib/thumb/v7-m/nofp\libc_nano.a(lib_a-init.o)
                0x080064a0                __libc_init_array
 .text.memcpy   0x080064e8       0x1c d:/program files (x86)/gnu arm embedded toolchain/10 2021.10/bin/../lib/gcc/arm-none-eabi/10.3.1/../../../../arm-none-eabi/lib/thumb/v7-m/nofp\libc_nano.a(lib_a-memcpy-stub.o)
                0x080064e8                memcpy
 .text.memset   0x08006504       0x10 d:/program files (x86)/gnu arm embedded toolchain/10 2021.10/bin/../lib/gcc/arm-none-eabi/10.3.1/../../../../arm-none-eabi/lib/thumb/v7-m/nofp\libc_nano.a(lib_a-memset.o)
                0x08006504                memset
 .text.__cvt    0x08006514       0xbe d:/program files (x86)/gnu arm embedded toolchain/10 2021.10/bin/../lib/gcc/arm-none-eabi/10.3.1/../../../../arm-none-eabi/lib/thumb/v7-m/nofp\libc_nano.a(lib_a-nano-vfprintf_float.o)
                0x08006514                __cvt
 .text.__exponent
                0x080065d2       0x7c d:/program files (x86)/gnu arm embedded toolchain/10 2021.10/bin/../lib/gcc/arm-none-eabi/10.3.1/../../../../arm-none-eabi/lib/thumb/v7-m/nofp\libc_nano.a(lib_a-nano-vfprintf_float.o)
                0x080065d2                __exponent
 *fill*         0x0800664e        0x2 
 .text._printf_float
                0x08006650      0x458 d:/program files (x86)/gnu arm embedded toolchain/10 2021.10/bin/../lib/gcc/arm-none-eabi/10.3.1/../../../../arm-none-eabi/lib/thumb/v7-m/nofp\libc_nano.a(lib_a-nano-vfprintf_float.o)
                0x08006650                _printf_float
 .text._printf_common
                0x08006aa8       0xde d:/program files (x86)/gnu arm embedded toolchain/10 2021.10/bin/../lib/gcc/arm-none-eabi/10.3.1/../../../../arm-none-eabi/lib/thumb/v7-m/nofp\libc_nano.a(lib_a-nano-vfprintf_i.o)
                0x08006aa8                _printf_common
 *fill*         0x08006b86        0x2 
 .text._printf_i
                0x08006b88      0x24c d:/program files (x86)/gnu arm embedded toolchain/10 2021.10/bin/../lib/gcc/arm-none-eabi/10.3.1/../../../../arm-none-eabi/lib/thumb/v7-m/nofp\libc_nano.a(lib_a-nano-vfprintf_i.o)
                0x08006b88                _printf_i
 .text._vsnprintf_r
                0x08006dd4       0x56 d:/program files (x86)/gnu arm embedded toolchain/10 2021.10/bin/../lib/gcc/arm-none-eabi/10.3.1/../../../../arm-none-eabi/lib/thumb/v7-m/nofp\libc_nano.a(lib_a-vsnprintf.o)
                0x08006dd4                _vsniprintf_r
                0x08006dd4                _vsnprintf_r
 *fill*         0x08006e2a        0x2 
 .text.vsnprintf
                0x08006e2c       0x1c d:/program files (x86)/gnu arm embedded toolchain/10 2021.10/bin/../lib/gcc/arm-none-eabi/10.3.1/../../../../arm-none-eabi/lib/thumb/v7-m/nofp\libc_nano.a(lib_a-vsnprintf.o)
                0x08006e2c                vsniprintf
                0x08006e2c                vsnprintf
 .text.quorem   0x08006e48      0x118 d:/program files (x86)/gnu arm embedded toolchain/10 2021.10/bin/../lib/gcc/arm-none-eabi/10.3.1/../../../../arm-none-eabi/lib/thumb/v7-m/nofp\libc_nano.a(lib_a-dtoa.o)
 .text._dtoa_r  0x08006f60      0xbdc d:/program files (x86)/gnu arm embedded toolchain/10 2021.10/bin/../lib/gcc/arm-none-eabi/10.3.1/../../../../arm-none-eabi/lib/thumb/v7-m/nofp\libc_nano.a(lib_a-dtoa.o)
                0x08006f60                _dtoa_r
 .text._localeconv_r
                0x08007b3c        0x8 d:/program files (x86)/gnu arm embedded toolchain/10 2021.10/bin/../lib/gcc/arm-none-eabi/10.3.1/../../../../arm-none-eabi/lib/thumb/v7-m/nofp\libc_nano.a(lib_a-localeconv.o)
                0x08007b3c                _localeconv_r
 .text.malloc   0x08007b44       0x10 d:/program files (x86)/gnu arm embedded toolchain/10 2021.10/bin/../lib/gcc/arm-none-eabi/10.3.1/../../../../arm-none-eabi/lib/thumb/v7-m/nofp\libc_nano.a(lib_a-malloc.o)
                0x08007b44                malloc
 .text.memchr   0x08007b54       0x1c d:/program files (x86)/gnu arm embedded toolchain/10 2021.10/bin/../lib/gcc/arm-none-eabi/10.3.1/../../../../arm-none-eabi/lib/thumb/v7-m/nofp\libc_nano.a(lib_a-memchr-stub.o)
                0x08007b54                memchr
 .text._Balloc  0x08007b70       0x80 d:/program files (x86)/gnu arm embedded toolchain/10 2021.10/bin/../lib/gcc/arm-none-eabi/10.3.1/../../../../arm-none-eabi/lib/thumb/v7-m/nofp\libc_nano.a(lib_a-mprec.o)
                0x08007b70                _Balloc
 .text._Bfree   0x08007bf0       0x44 d:/program files (x86)/gnu arm embedded toolchain/10 2021.10/bin/../lib/gcc/arm-none-eabi/10.3.1/../../../../arm-none-eabi/lib/thumb/v7-m/nofp\libc_nano.a(lib_a-mprec.o)
                0x08007bf0                _Bfree
 .text.__multadd
                0x08007c34       0x8c d:/program files (x86)/gnu arm embedded toolchain/10 2021.10/bin/../lib/gcc/arm-none-eabi/10.3.1/../../../../arm-none-eabi/lib/thumb/v7-m/nofp\libc_nano.a(lib_a-mprec.o)
                0x08007c34                __multadd
 .text.__hi0bits
                0x08007cc0       0x40 d:/program files (x86)/gnu arm embedded toolchain/10 2021.10/bin/../lib/gcc/arm-none-eabi/10.3.1/../../../../arm-none-eabi/lib/thumb/v7-m/nofp\libc_nano.a(lib_a-mprec.o)
                0x08007cc0                __hi0bits
 .text.__lo0bits
                0x08007d00       0x5a d:/program files (x86)/gnu arm embedded toolchain/10 2021.10/bin/../lib/gcc/arm-none-eabi/10.3.1/../../../../arm-none-eabi/lib/thumb/v7-m/nofp\libc_nano.a(lib_a-mprec.o)
                0x08007d00                __lo0bits
 *fill*         0x08007d5a        0x2 
 .text.__i2b    0x08007d5c       0x2c d:/program files (x86)/gnu arm embedded toolchain/10 2021.10/bin/../lib/gcc/arm-none-eabi/10.3.1/../../../../arm-none-eabi/lib/thumb/v7-m/nofp\libc_nano.a(lib_a-mprec.o)
                0x08007d5c                __i2b
 .text.__multiply
                0x08007d88      0x150 d:/program files (x86)/gnu arm embedded toolchain/10 2021.10/bin/../lib/gcc/arm-none-eabi/10.3.1/../../../../arm-none-eabi/lib/thumb/v7-m/nofp\libc_nano.a(lib_a-mprec.o)
                0x08007d88                __multiply
 .text.__pow5mult
                0x08007ed8       0xb4 d:/program files (x86)/gnu arm embedded toolchain/10 2021.10/bin/../lib/gcc/arm-none-eabi/10.3.1/../../../../arm-none-eabi/lib/thumb/v7-m/nofp\libc_nano.a(lib_a-mprec.o)
                0x08007ed8                __pow5mult
 .text.__lshift
                0x08007f8c       0xe0 d:/program files (x86)/gnu arm embedded toolchain/10 2021.10/bin/../lib/gcc/arm-none-eabi/10.3.1/../../../../arm-none-eabi/lib/thumb/v7-m/nofp\libc_nano.a(lib_a-mprec.o)
                0x08007f8c                __lshift
 .text.__mcmp   0x0800806c       0x36 d:/program files (x86)/gnu arm embedded toolchain/10 2021.10/bin/../lib/gcc/arm-none-eabi/10.3.1/../../../../arm-none-eabi/lib/thumb/v7-m/nofp\libc_nano.a(lib_a-mprec.o)
                0x0800806c                __mcmp
 *fill*         0x080080a2        0x2 
 .text.__mdiff  0x080080a4      0x118 d:/program files (x86)/gnu arm embedded toolchain/10 2021.10/bin/../lib/gcc/arm-none-eabi/10.3.1/../../../../arm-none-eabi/lib/thumb/v7-m/nofp\libc_nano.a(lib_a-mprec.o)
                0x080080a4                __mdiff
 .text.__d2b    0x080081bc       0xb8 d:/program files (x86)/gnu arm embedded toolchain/10 2021.10/bin/../lib/gcc/arm-none-eabi/10.3.1/../../../../arm-none-eabi/lib/thumb/v7-m/nofp\libc_nano.a(lib_a-mprec.o)
                0x080081bc                __d2b
 .text._calloc_r
                0x08008274       0x28 d:/program files (x86)/gnu arm embedded toolchain/10 2021.10/bin/../lib/gcc/arm-none-eabi/10.3.1/../../../../arm-none-eabi/lib/thumb/v7-m/nofp\libc_nano.a(lib_a-nano-callocr.o)
                0x08008274                _calloc_r
 .text._free_r  0x0800829c       0x90 d:/program files (x86)/gnu arm embedded toolchain/10 2021.10/bin/../lib/gcc/arm-none-eabi/10.3.1/../../../../arm-none-eabi/lib/thumb/v7-m/nofp\libc_nano.a(lib_a-nano-freer.o)
                0x0800829c                _free_r
 .text.sbrk_aligned
                0x0800832c       0x40 d:/program files (x86)/gnu arm embedded toolchain/10 2021.10/bin/../lib/gcc/arm-none-eabi/10.3.1/../../../../arm-none-eabi/lib/thumb/v7-m/nofp\libc_nano.a(lib_a-nano-mallocr.o)
 .text._malloc_r
                0x0800836c       0xe8 d:/program files (x86)/gnu arm embedded toolchain/10 2021.10/bin/../lib/gcc/arm-none-eabi/10.3.1/../../../../arm-none-eabi/lib/thumb/v7-m/nofp\libc_nano.a(lib_a-nano-mallocr.o)
                0x0800836c                _malloc_r
 .text.__ssputs_r
                0x08008454       0xb6 d:/program files (x86)/gnu arm embedded toolchain/10 2021.10/bin/../lib/gcc/arm-none-eabi/10.3.1/../../../../arm-none-eabi/lib/thumb/v7-m/nofp\libc_nano.a(lib_a-nano-svfprintf.o)
                0x08008454                __ssputs_r
 *fill*         0x0800850a        0x2 
 .text._svfprintf_r
                0x0800850c      0x200 d:/program files (x86)/gnu arm embedded toolchain/10 2021.10/bin/../lib/gcc/arm-none-eabi/10.3.1/../../../../arm-none-eabi/lib/thumb/v7-m/nofp\libc_nano.a(lib_a-nano-svfprintf.o)
                0x0800850c                _svfiprintf_r
                0x0800850c                _svfprintf_r
 .text._sbrk_r  0x0800870c       0x20 d:/program files (x86)/gnu arm embedded toolchain/10 2021.10/bin/../lib/gcc/arm-none-eabi/10.3.1/../../../../arm-none-eabi/lib/thumb/v7-m/nofp\libc_nano.a(lib_a-sbrkr.o)
                0x0800870c                _sbrk_r
 .text.__assert_func
                0x0800872c       0x3c d:/program files (x86)/gnu arm embedded toolchain/10 2021.10/bin/../lib/gcc/arm-none-eabi/10.3.1/../../../../arm-none-eabi/lib/thumb/v7-m/nofp\libc_nano.a(lib_a-assert.o)
                0x0800872c                __assert_func
 .text.fprintf  0x08008768       0x24 d:/program files (x86)/gnu arm embedded toolchain/10 2021.10/bin/../lib/gcc/arm-none-eabi/10.3.1/../../../../arm-none-eabi/lib/thumb/v7-m/nofp\libc_nano.a(lib_a-fprintf.o)
                0x08008768                fiprintf
                0x08008768                fprintf
 .text.__ascii_mbtowc
                0x0800878c       0x24 d:/program files (x86)/gnu arm embedded toolchain/10 2021.10/bin/../lib/gcc/arm-none-eabi/10.3.1/../../../../arm-none-eabi/lib/thumb/v7-m/nofp\libc_nano.a(lib_a-mbtowc_r.o)
                0x0800878c                __ascii_mbtowc
 .text.memmove  0x080087b0       0x34 d:/program files (x86)/gnu arm embedded toolchain/10 2021.10/bin/../lib/gcc/arm-none-eabi/10.3.1/../../../../arm-none-eabi/lib/thumb/v7-m/nofp\libc_nano.a(lib_a-memmove.o)
                0x080087b0                memmove
 .text.__malloc_lock
                0x080087e4        0xc d:/program files (x86)/gnu arm embedded toolchain/10 2021.10/bin/../lib/gcc/arm-none-eabi/10.3.1/../../../../arm-none-eabi/lib/thumb/v7-m/nofp\libc_nano.a(lib_a-mlock.o)
                0x080087e4                __malloc_lock
 .text.__malloc_unlock
                0x080087f0        0xc d:/program files (x86)/gnu arm embedded toolchain/10 2021.10/bin/../lib/gcc/arm-none-eabi/10.3.1/../../../../arm-none-eabi/lib/thumb/v7-m/nofp\libc_nano.a(lib_a-mlock.o)
                0x080087f0                __malloc_unlock
 .text._realloc_r
                0x080087fc       0x5e d:/program files (x86)/gnu arm embedded toolchain/10 2021.10/bin/../lib/gcc/arm-none-eabi/10.3.1/../../../../arm-none-eabi/lib/thumb/v7-m/nofp\libc_nano.a(lib_a-nano-reallocr.o)
                0x080087fc                _realloc_r
 .text.__sfputc_r
                0x0800885a       0x2a d:/program files (x86)/gnu arm embedded toolchain/10 2021.10/bin/../lib/gcc/arm-none-eabi/10.3.1/../../../../arm-none-eabi/lib/thumb/v7-m/nofp\libc_nano.a(lib_a-nano-vfprintf.o)
 .text.__sfputs_r
                0x08008884       0x24 d:/program files (x86)/gnu arm embedded toolchain/10 2021.10/bin/../lib/gcc/arm-none-eabi/10.3.1/../../../../arm-none-eabi/lib/thumb/v7-m/nofp\libc_nano.a(lib_a-nano-vfprintf.o)
                0x08008884                __sfputs_r
 .text._vfprintf_r
                0x080088a8      0x260 d:/program files (x86)/gnu arm embedded toolchain/10 2021.10/bin/../lib/gcc/arm-none-eabi/10.3.1/../../../../arm-none-eabi/lib/thumb/v7-m/nofp\libc_nano.a(lib_a-nano-vfprintf.o)
                0x080088a8                _vfprintf_r
                0x080088a8                _vfiprintf_r
 .text.__swbuf_r
                0x08008b08       0xa4 d:/program files (x86)/gnu arm embedded toolchain/10 2021.10/bin/../lib/gcc/arm-none-eabi/10.3.1/../../../../arm-none-eabi/lib/thumb/v7-m/nofp\libc_nano.a(lib_a-wbuf.o)
                0x08008b08                __swbuf_r
 .text.__ascii_wctomb
                0x08008bac       0x1a d:/program files (x86)/gnu arm embedded toolchain/10 2021.10/bin/../lib/gcc/arm-none-eabi/10.3.1/../../../../arm-none-eabi/lib/thumb/v7-m/nofp\libc_nano.a(lib_a-wctomb_r.o)
                0x08008bac                __ascii_wctomb
 *fill*         0x08008bc6        0x2 
 .text.__swsetup_r
                0x08008bc8       0xdc d:/program files (x86)/gnu arm embedded toolchain/10 2021.10/bin/../lib/gcc/arm-none-eabi/10.3.1/../../../../arm-none-eabi/lib/thumb/v7-m/nofp\libc_nano.a(lib_a-wsetup.o)
                0x08008bc8                __swsetup_r
 .text.abort    0x08008ca4        0xe d:/program files (x86)/gnu arm embedded toolchain/10 2021.10/bin/../lib/gcc/arm-none-eabi/10.3.1/../../../../arm-none-eabi/lib/thumb/v7-m/nofp\libc_nano.a(lib_a-abort.o)
                0x08008ca4                abort
 *fill*         0x08008cb2        0x2 
 .text.__sflush_r
                0x08008cb4      0x104 d:/program files (x86)/gnu arm embedded toolchain/10 2021.10/bin/../lib/gcc/arm-none-eabi/10.3.1/../../../../arm-none-eabi/lib/thumb/v7-m/nofp\libc_nano.a(lib_a-fflush.o)
                0x08008cb4                __sflush_r
 .text._fflush_r
                0x08008db8       0x78 d:/program files (x86)/gnu arm embedded toolchain/10 2021.10/bin/../lib/gcc/arm-none-eabi/10.3.1/../../../../arm-none-eabi/lib/thumb/v7-m/nofp\libc_nano.a(lib_a-fflush.o)
                0x08008db8                _fflush_r
 .text.std      0x08008e30       0x48 d:/program files (x86)/gnu arm embedded toolchain/10 2021.10/bin/../lib/gcc/arm-none-eabi/10.3.1/../../../../arm-none-eabi/lib/thumb/v7-m/nofp\libc_nano.a(lib_a-findfp.o)
 .text._cleanup_r
                0x08008e78        0xc d:/program files (x86)/gnu arm embedded toolchain/10 2021.10/bin/../lib/gcc/arm-none-eabi/10.3.1/../../../../arm-none-eabi/lib/thumb/v7-m/nofp\libc_nano.a(lib_a-findfp.o)
                0x08008e78                _cleanup_r
 .text.__sfmoreglue
                0x08008e84       0x2c d:/program files (x86)/gnu arm embedded toolchain/10 2021.10/bin/../lib/gcc/arm-none-eabi/10.3.1/../../../../arm-none-eabi/lib/thumb/v7-m/nofp\libc_nano.a(lib_a-findfp.o)
                0x08008e84                __sfmoreglue
 .text.__sfp_lock_acquire
                0x08008eb0        0xc d:/program files (x86)/gnu arm embedded toolchain/10 2021.10/bin/../lib/gcc/arm-none-eabi/10.3.1/../../../../arm-none-eabi/lib/thumb/v7-m/nofp\libc_nano.a(lib_a-findfp.o)
                0x08008eb0                __sfp_lock_acquire
 .text.__sfp_lock_release
                0x08008ebc        0xc d:/program files (x86)/gnu arm embedded toolchain/10 2021.10/bin/../lib/gcc/arm-none-eabi/10.3.1/../../../../arm-none-eabi/lib/thumb/v7-m/nofp\libc_nano.a(lib_a-findfp.o)
                0x08008ebc                __sfp_lock_release
 .text.__sinit_lock_acquire
                0x08008ec8        0xc d:/program files (x86)/gnu arm embedded toolchain/10 2021.10/bin/../lib/gcc/arm-none-eabi/10.3.1/../../../../arm-none-eabi/lib/thumb/v7-m/nofp\libc_nano.a(lib_a-findfp.o)
                0x08008ec8                __sinit_lock_acquire
 .text.__sinit_lock_release
                0x08008ed4        0xc d:/program files (x86)/gnu arm embedded toolchain/10 2021.10/bin/../lib/gcc/arm-none-eabi/10.3.1/../../../../arm-none-eabi/lib/thumb/v7-m/nofp\libc_nano.a(lib_a-findfp.o)
                0x08008ed4                __sinit_lock_release
 .text.__sinit  0x08008ee0       0x70 d:/program files (x86)/gnu arm embedded toolchain/10 2021.10/bin/../lib/gcc/arm-none-eabi/10.3.1/../../../../arm-none-eabi/lib/thumb/v7-m/nofp\libc_nano.a(lib_a-findfp.o)
                0x08008ee0                __sinit
 .text.__sfp    0x08008f50       0x8c d:/program files (x86)/gnu arm embedded toolchain/10 2021.10/bin/../lib/gcc/arm-none-eabi/10.3.1/../../../../arm-none-eabi/lib/thumb/v7-m/nofp\libc_nano.a(lib_a-findfp.o)
                0x08008f50                __sfp
 .text._fwalk_reent
                0x08008fdc       0x3e d:/program files (x86)/gnu arm embedded toolchain/10 2021.10/bin/../lib/gcc/arm-none-eabi/10.3.1/../../../../arm-none-eabi/lib/thumb/v7-m/nofp\libc_nano.a(lib_a-fwalk.o)
                0x08008fdc                _fwalk_reent
 .text.__retarget_lock_init_recursive
                0x0800901a        0x2 d:/program files (x86)/gnu arm embedded toolchain/10 2021.10/bin/../lib/gcc/arm-none-eabi/10.3.1/../../../../arm-none-eabi/lib/thumb/v7-m/nofp\libc_nano.a(lib_a-lock.o)
                0x0800901a                __retarget_lock_init_recursive
 .text.__retarget_lock_acquire_recursive
                0x0800901c        0x2 d:/program files (x86)/gnu arm embedded toolchain/10 2021.10/bin/../lib/gcc/arm-none-eabi/10.3.1/../../../../arm-none-eabi/lib/thumb/v7-m/nofp\libc_nano.a(lib_a-lock.o)
                0x0800901c                __retarget_lock_acquire_recursive
 .text.__retarget_lock_release_recursive
                0x0800901e        0x2 d:/program files (x86)/gnu arm embedded toolchain/10 2021.10/bin/../lib/gcc/arm-none-eabi/10.3.1/../../../../arm-none-eabi/lib/thumb/v7-m/nofp\libc_nano.a(lib_a-lock.o)
                0x0800901e                __retarget_lock_release_recursive
 .text.__swhatbuf_r
                0x08009020       0x4a d:/program files (x86)/gnu arm embedded toolchain/10 2021.10/bin/../lib/gcc/arm-none-eabi/10.3.1/../../../../arm-none-eabi/lib/thumb/v7-m/nofp\libc_nano.a(lib_a-makebuf.o)
                0x08009020                __swhatbuf_r
 *fill*         0x0800906a        0x2 
 .text.__smakebuf_r
                0x0800906c       0x80 d:/program files (x86)/gnu arm embedded toolchain/10 2021.10/bin/../lib/gcc/arm-none-eabi/10.3.1/../../../../arm-none-eabi/lib/thumb/v7-m/nofp\libc_nano.a(lib_a-makebuf.o)
                0x0800906c                __smakebuf_r
 .text._malloc_usable_size_r
                0x080090ec       0x10 d:/program files (x86)/gnu arm embedded toolchain/10 2021.10/bin/../lib/gcc/arm-none-eabi/10.3.1/../../../../arm-none-eabi/lib/thumb/v7-m/nofp\libc_nano.a(lib_a-nano-msizer.o)
                0x080090ec                _malloc_usable_size_r
 .text._raise_r
                0x080090fc       0x50 d:/program files (x86)/gnu arm embedded toolchain/10 2021.10/bin/../lib/gcc/arm-none-eabi/10.3.1/../../../../arm-none-eabi/lib/thumb/v7-m/nofp\libc_nano.a(lib_a-signal.o)
                0x080090fc                _raise_r
 .text.raise    0x0800914c       0x10 d:/program files (x86)/gnu arm embedded toolchain/10 2021.10/bin/../lib/gcc/arm-none-eabi/10.3.1/../../../../arm-none-eabi/lib/thumb/v7-m/nofp\libc_nano.a(lib_a-signal.o)
                0x0800914c                raise
 .text._kill_r  0x0800915c       0x24 d:/program files (x86)/gnu arm embedded toolchain/10 2021.10/bin/../lib/gcc/arm-none-eabi/10.3.1/../../../../arm-none-eabi/lib/thumb/v7-m/nofp\libc_nano.a(lib_a-signalr.o)
                0x0800915c                _kill_r
 .text._getpid_r
                0x08009180        0x4 d:/program files (x86)/gnu arm embedded toolchain/10 2021.10/bin/../lib/gcc/arm-none-eabi/10.3.1/../../../../arm-none-eabi/lib/thumb/v7-m/nofp\libc_nano.a(lib_a-signalr.o)
                0x08009180                _getpid_r
 .text.__sread  0x08009184       0x22 d:/program files (x86)/gnu arm embedded toolchain/10 2021.10/bin/../lib/gcc/arm-none-eabi/10.3.1/../../../../arm-none-eabi/lib/thumb/v7-m/nofp\libc_nano.a(lib_a-stdio.o)
                0x08009184                __sread
 .text.__swrite
                0x080091a6       0x38 d:/program files (x86)/gnu arm embedded toolchain/10 2021.10/bin/../lib/gcc/arm-none-eabi/10.3.1/../../../../arm-none-eabi/lib/thumb/v7-m/nofp\libc_nano.a(lib_a-stdio.o)
                0x080091a6                __swrite
 .text.__sseek  0x080091de       0x24 d:/program files (x86)/gnu arm embedded toolchain/10 2021.10/bin/../lib/gcc/arm-none-eabi/10.3.1/../../../../arm-none-eabi/lib/thumb/v7-m/nofp\libc_nano.a(lib_a-stdio.o)
                0x080091de                __sseek
 .text.__sclose
                0x08009202        0x8 d:/program files (x86)/gnu arm embedded toolchain/10 2021.10/bin/../lib/gcc/arm-none-eabi/10.3.1/../../../../arm-none-eabi/lib/thumb/v7-m/nofp\libc_nano.a(lib_a-stdio.o)
                0x08009202                __sclose
 *fill*         0x0800920a        0x2 
 .text._write_r
                0x0800920c       0x24 d:/program files (x86)/gnu arm embedded toolchain/10 2021.10/bin/../lib/gcc/arm-none-eabi/10.3.1/../../../../arm-none-eabi/lib/thumb/v7-m/nofp\libc_nano.a(lib_a-writer.o)
                0x0800920c                _write_r
 .text._close_r
                0x08009230       0x20 d:/program files (x86)/gnu arm embedded toolchain/10 2021.10/bin/../lib/gcc/arm-none-eabi/10.3.1/../../../../arm-none-eabi/lib/thumb/v7-m/nofp\libc_nano.a(lib_a-closer.o)
                0x08009230                _close_r
 .text._fstat_r
                0x08009250       0x24 d:/program files (x86)/gnu arm embedded toolchain/10 2021.10/bin/../lib/gcc/arm-none-eabi/10.3.1/../../../../arm-none-eabi/lib/thumb/v7-m/nofp\libc_nano.a(lib_a-fstatr.o)
                0x08009250                _fstat_r
 .text._isatty_r
                0x08009274       0x20 d:/program files (x86)/gnu arm embedded toolchain/10 2021.10/bin/../lib/gcc/arm-none-eabi/10.3.1/../../../../arm-none-eabi/lib/thumb/v7-m/nofp\libc_nano.a(lib_a-isattyr.o)
                0x08009274                _isatty_r
 .text._lseek_r
                0x08009294       0x24 d:/program files (x86)/gnu arm embedded toolchain/10 2021.10/bin/../lib/gcc/arm-none-eabi/10.3.1/../../../../arm-none-eabi/lib/thumb/v7-m/nofp\libc_nano.a(lib_a-lseekr.o)
                0x08009294                _lseek_r
 .text._read_r  0x080092b8       0x24 d:/program files (x86)/gnu arm embedded toolchain/10 2021.10/bin/../lib/gcc/arm-none-eabi/10.3.1/../../../../arm-none-eabi/lib/thumb/v7-m/nofp\libc_nano.a(lib_a-readr.o)
                0x080092b8                _read_r
 *(.glue_7)
 .glue_7        0x080092dc        0x0 linker stubs
 *(.glue_7t)
 .glue_7t       0x080092dc        0x0 linker stubs
 *(.eh_frame)
 .eh_frame      0x080092dc        0x0 d:/program files (x86)/gnu arm embedded toolchain/10 2021.10/bin/../lib/gcc/arm-none-eabi/10.3.1/thumb/v7-m/nofp/crtbegin.o
 *(.init)
 .init          0x080092dc        0x4 d:/program files (x86)/gnu arm embedded toolchain/10 2021.10/bin/../lib/gcc/arm-none-eabi/10.3.1/thumb/v7-m/nofp/crti.o
                0x080092dc                _init
 .init          0x080092e0        0x8 d:/program files (x86)/gnu arm embedded toolchain/10 2021.10/bin/../lib/gcc/arm-none-eabi/10.3.1/thumb/v7-m/nofp/crtn.o
 *(.fini)
 .fini          0x080092e8        0x4 d:/program files (x86)/gnu arm embedded toolchain/10 2021.10/bin/../lib/gcc/arm-none-eabi/10.3.1/thumb/v7-m/nofp/crti.o
                0x080092e8                _fini
 .fini          0x080092ec        0x8 d:/program files (x86)/gnu arm embedded toolchain/10 2021.10/bin/../lib/gcc/arm-none-eabi/10.3.1/thumb/v7-m/nofp/crtn.o
                0x080092f4                . = ALIGN (0x4)
                0x080092f4                _etext = .

.vfp11_veneer   0x080092f4        0x0
 .vfp11_veneer  0x080092f4        0x0 linker stubs

.v4_bx          0x080092f4        0x0
 .v4_bx         0x080092f4        0x0 linker stubs

.iplt           0x080092f4        0x0
 .iplt          0x080092f4        0x0 d:/program files (x86)/gnu arm embedded toolchain/10 2021.10/bin/../lib/gcc/arm-none-eabi/10.3.1/thumb/v7-m/nofp/crtbegin.o

.rodata         0x080092f8      0x76c
                0x080092f8                . = ALIGN (0x4)
 *(.rodata)
 *(.rodata*)
 .rodata.aPLLMULFactorTable.1
                0x080092f8       0x10 build/stm32f1xx_hal_rcc.o
 .rodata.aPredivFactorTable.0
                0x08009308        0x2 build/stm32f1xx_hal_rcc.o
 *fill*         0x0800930a        0x2 
 .rodata.vTaskStartScheduler.str1.4
                0x0800930c        0x5 build/tasks.o
 *fill*         0x08009311        0x3 
 .rodata.prvCheckForValidListAndQueue.str1.4
                0x08009314        0x5 build/timers.o
 *fill*         0x08009319        0x3 
 .rodata.xTimerCreateTimerTask.str1.4
                0x0800931c        0x8 build/timers.o
 .rodata.Servo_Task.str1.4
                0x08009324        0xb build/servo.o
 .rodata.UART_Printf.str1.4
                0x0800932f        0xb build/uart.o
                                  0x3 (size before relaxing)
 *fill*         0x0800932f        0x1 
 .rodata.PrintUartData.str1.4
                0x08009330       0x79 build/uart.o
 *fill*         0x080093a9        0x3 
 .rodata.Uart_Task.str1.4
                0x080093ac       0xef build/uart.o
 *fill*         0x0800949b        0x1 
 .rodata.Motor_Task.str1.4
                0x0800949c       0xa6 build/motor.o
 *fill*         0x08009542        0x2 
 .rodata.vONEShotTimerFunc1.str1.4
                0x08009544       0x16 build/motor.o
 *fill*         0x0800955a        0x2 
 .rodata.vONEShotTimerFunc2.str1.4
                0x0800955c       0x16 build/motor.o
 *fill*         0x08009572        0x2 
 .rodata.vONEShotTimerFunc3.str1.4
                0x08009574       0x16 build/motor.o
 *fill*         0x0800958a        0x2 
 .rodata.AHBPrescTable
                0x0800958c       0x10 build/system_stm32f1xx.o
                0x0800958c                AHBPrescTable
 .rodata.APBPrescTable
                0x0800959c        0x8 build/system_stm32f1xx.o
                0x0800959c                APBPrescTable
 .rodata.MX_FREERTOS_Init.str1.4
                0x080095a4       0x6e build/freertos.o
 *fill*         0x08009612        0x2 
 .rodata.str1.4
                0x08009614        0xc build/freertos.o
 .rodata.defaultTask_attributes
                0x08009620       0x24 build/freertos.o
                0x08009620                defaultTask_attributes
 .rodata._global_impure_ptr
                0x08009644        0x4 d:/program files (x86)/gnu arm embedded toolchain/10 2021.10/bin/../lib/gcc/arm-none-eabi/10.3.1/../../../../arm-none-eabi/lib/thumb/v7-m/nofp\libc_nano.a(lib_a-impure.o)
                0x08009644                _global_impure_ptr
 .rodata._printf_float.str1.1
                0x08009648       0x12 d:/program files (x86)/gnu arm embedded toolchain/10 2021.10/bin/../lib/gcc/arm-none-eabi/10.3.1/../../../../arm-none-eabi/lib/thumb/v7-m/nofp\libc_nano.a(lib_a-nano-vfprintf_float.o)
 .rodata._printf_i.str1.1
                0x0800965a       0x22 d:/program files (x86)/gnu arm embedded toolchain/10 2021.10/bin/../lib/gcc/arm-none-eabi/10.3.1/../../../../arm-none-eabi/lib/thumb/v7-m/nofp\libc_nano.a(lib_a-nano-vfprintf_i.o)
 .rodata._dtoa_r.str1.1
                0x0800967c       0xb3 d:/program files (x86)/gnu arm embedded toolchain/10 2021.10/bin/../lib/gcc/arm-none-eabi/10.3.1/../../../../arm-none-eabi/lib/thumb/v7-m/nofp\libc_nano.a(lib_a-dtoa.o)
                                 0xb5 (size before relaxing)
 .rodata._Balloc.str1.1
                0x0800972f       0x7f d:/program files (x86)/gnu arm embedded toolchain/10 2021.10/bin/../lib/gcc/arm-none-eabi/10.3.1/../../../../arm-none-eabi/lib/thumb/v7-m/nofp\libc_nano.a(lib_a-mprec.o)
                                 0x96 (size before relaxing)
 .rodata.__multadd.str1.1
                0x080097ae       0x11 d:/program files (x86)/gnu arm embedded toolchain/10 2021.10/bin/../lib/gcc/arm-none-eabi/10.3.1/../../../../arm-none-eabi/lib/thumb/v7-m/nofp\libc_nano.a(lib_a-mprec.o)
 *fill*         0x080097ae        0x2 
 .rodata.__mprec_bigtens
                0x080097b0       0x28 d:/program files (x86)/gnu arm embedded toolchain/10 2021.10/bin/../lib/gcc/arm-none-eabi/10.3.1/../../../../arm-none-eabi/lib/thumb/v7-m/nofp\libc_nano.a(lib_a-mprec.o)
                0x080097b0                __mprec_bigtens
 .rodata.__mprec_tens
                0x080097d8       0xc8 d:/program files (x86)/gnu arm embedded toolchain/10 2021.10/bin/../lib/gcc/arm-none-eabi/10.3.1/../../../../arm-none-eabi/lib/thumb/v7-m/nofp\libc_nano.a(lib_a-mprec.o)
                0x080097d8                __mprec_tens
 .rodata.p05.0  0x080098a0        0xc d:/program files (x86)/gnu arm embedded toolchain/10 2021.10/bin/../lib/gcc/arm-none-eabi/10.3.1/../../../../arm-none-eabi/lib/thumb/v7-m/nofp\libc_nano.a(lib_a-mprec.o)
 .rodata._svfprintf_r.str1.1
                0x080098ac       0x11 d:/program files (x86)/gnu arm embedded toolchain/10 2021.10/bin/../lib/gcc/arm-none-eabi/10.3.1/../../../../arm-none-eabi/lib/thumb/v7-m/nofp\libc_nano.a(lib_a-nano-svfprintf.o)
 .rodata.__assert_func.str1.1
                0x080098bd       0x3c d:/program files (x86)/gnu arm embedded toolchain/10 2021.10/bin/../lib/gcc/arm-none-eabi/10.3.1/../../../../arm-none-eabi/lib/thumb/v7-m/nofp\libc_nano.a(lib_a-assert.o)
                                 0x3d (size before relaxing)
 .rodata._setlocale_r.str1.1
                0x080098f9        0x8 d:/program files (x86)/gnu arm embedded toolchain/10 2021.10/bin/../lib/gcc/arm-none-eabi/10.3.1/../../../../arm-none-eabi/lib/thumb/v7-m/nofp\libc_nano.a(lib_a-locale.o)
                                  0x9 (size before relaxing)
 .rodata.str1.1
                0x08009901        0x2 d:/program files (x86)/gnu arm embedded toolchain/10 2021.10/bin/../lib/gcc/arm-none-eabi/10.3.1/../../../../arm-none-eabi/lib/thumb/v7-m/nofp\libc_nano.a(lib_a-locale.o)
 .rodata._vfprintf_r.str1.1
                0x08009903       0x11 d:/program files (x86)/gnu arm embedded toolchain/10 2021.10/bin/../lib/gcc/arm-none-eabi/10.3.1/../../../../arm-none-eabi/lib/thumb/v7-m/nofp\libc_nano.a(lib_a-nano-vfprintf.o)
 .rodata._ctype_
                0x08009903      0x101 d:/program files (x86)/gnu arm embedded toolchain/10 2021.10/bin/../lib/gcc/arm-none-eabi/10.3.1/../../../../arm-none-eabi/lib/thumb/v7-m/nofp\libc_nano.a(lib_a-ctype_.o)
                0x08009903                _ctype_
 .rodata.__sf_fake_stderr
                0x08009a04       0x20 d:/program files (x86)/gnu arm embedded toolchain/10 2021.10/bin/../lib/gcc/arm-none-eabi/10.3.1/../../../../arm-none-eabi/lib/thumb/v7-m/nofp\libc_nano.a(lib_a-findfp.o)
                0x08009a04                __sf_fake_stderr
 .rodata.__sf_fake_stdin
                0x08009a24       0x20 d:/program files (x86)/gnu arm embedded toolchain/10 2021.10/bin/../lib/gcc/arm-none-eabi/10.3.1/../../../../arm-none-eabi/lib/thumb/v7-m/nofp\libc_nano.a(lib_a-findfp.o)
                0x08009a24                __sf_fake_stdin
 .rodata.__sf_fake_stdout
                0x08009a44       0x20 d:/program files (x86)/gnu arm embedded toolchain/10 2021.10/bin/../lib/gcc/arm-none-eabi/10.3.1/../../../../arm-none-eabi/lib/thumb/v7-m/nofp\libc_nano.a(lib_a-findfp.o)
                0x08009a44                __sf_fake_stdout
                0x08009a64                . = ALIGN (0x4)

.rel.dyn        0x08009a64        0x0
 .rel.iplt      0x08009a64        0x0 d:/program files (x86)/gnu arm embedded toolchain/10 2021.10/bin/../lib/gcc/arm-none-eabi/10.3.1/thumb/v7-m/nofp/crtbegin.o

.ARM.extab
 *(.ARM.extab* .gnu.linkonce.armextab.*)

.ARM            0x08009a64        0x0
                0x08009a64                __exidx_start = .
 *(.ARM.exidx*)
                0x08009a64                __exidx_end = .

.preinit_array  0x08009a64        0x0
                0x08009a64                PROVIDE (__preinit_array_start = .)
 *(.preinit_array*)
                0x08009a64                PROVIDE (__preinit_array_end = .)

.init_array     0x08009a64        0x4
                0x08009a64                PROVIDE (__init_array_start = .)
 *(SORT_BY_NAME(.init_array.*))
 *(.init_array*)
 .init_array    0x08009a64        0x4 d:/program files (x86)/gnu arm embedded toolchain/10 2021.10/bin/../lib/gcc/arm-none-eabi/10.3.1/thumb/v7-m/nofp/crtbegin.o
                0x08009a68                PROVIDE (__init_array_end = .)

.fini_array     0x08009a68        0x4
                [!provide]                PROVIDE (__fini_array_start = .)
 *(SORT_BY_NAME(.fini_array.*))
 *(.fini_array*)
 .fini_array    0x08009a68        0x4 d:/program files (x86)/gnu arm embedded toolchain/10 2021.10/bin/../lib/gcc/arm-none-eabi/10.3.1/thumb/v7-m/nofp/crtbegin.o
                [!provide]                PROVIDE (__fini_array_end = .)
                0x08009a6c                _sidata = LOADADDR (.data)

.data           0x20000000      0x1e0 load address 0x08009a6c
                0x20000000                . = ALIGN (0x4)
                0x20000000                _sdata = .
 *(.data)
 *(.data*)
 .data.uwTickFreq
                0x20000000        0x1 build/stm32f1xx_hal.o
                0x20000000                uwTickFreq
 *fill*         0x20000001        0x3 
 .data.uwTickPrio
                0x20000004        0x4 build/stm32f1xx_hal.o
                0x20000004                uwTickPrio
 .data.uxCriticalNesting
                0x20000008        0x4 build/port.o
 .data.SystemCoreClock
                0x2000000c        0x4 build/system_stm32f1xx.o
                0x2000000c                SystemCoreClock
 .data._impure_ptr
                0x20000010        0x4 d:/program files (x86)/gnu arm embedded toolchain/10 2021.10/bin/../lib/gcc/arm-none-eabi/10.3.1/../../../../arm-none-eabi/lib/thumb/v7-m/nofp\libc_nano.a(lib_a-impure.o)
                0x20000010                _impure_ptr
 .data.impure_data
                0x20000014       0x60 d:/program files (x86)/gnu arm embedded toolchain/10 2021.10/bin/../lib/gcc/arm-none-eabi/10.3.1/../../../../arm-none-eabi/lib/thumb/v7-m/nofp\libc_nano.a(lib_a-impure.o)
 .data.__global_locale
                0x20000074      0x16c d:/program files (x86)/gnu arm embedded toolchain/10 2021.10/bin/../lib/gcc/arm-none-eabi/10.3.1/../../../../arm-none-eabi/lib/thumb/v7-m/nofp\libc_nano.a(lib_a-locale.o)
                0x20000074                __global_locale
                0x200001e0                . = ALIGN (0x4)
                0x200001e0                _edata = .

.igot.plt       0x200001e0        0x0 load address 0x08009c4c
 .igot.plt      0x200001e0        0x0 d:/program files (x86)/gnu arm embedded toolchain/10 2021.10/bin/../lib/gcc/arm-none-eabi/10.3.1/thumb/v7-m/nofp/crtbegin.o
                0x200001e0                . = ALIGN (0x4)

.bss            0x200001e0     0x3410 load address 0x08009c4c
                0x200001e0                _sbss = .
                0x200001e0                __bss_start__ = _sbss
 *(.bss)
 .bss           0x200001e0       0x1c d:/program files (x86)/gnu arm embedded toolchain/10 2021.10/bin/../lib/gcc/arm-none-eabi/10.3.1/thumb/v7-m/nofp/crtbegin.o
 *(.bss*)
 .bss.uwTick    0x200001fc        0x4 build/stm32f1xx_hal.o
                0x200001fc                uwTick
 .bss.xQueueRegistry
                0x20000200       0x40 build/queue.o
                0x20000200                xQueueRegistry
 .bss.pxCurrentTCB
                0x20000240        0x4 build/tasks.o
                0x20000240                pxCurrentTCB
 .bss.pxDelayedTaskList
                0x20000244        0x4 build/tasks.o
 .bss.pxOverflowDelayedTaskList
                0x20000248        0x4 build/tasks.o
 .bss.pxReadyTasksLists
                0x2000024c      0x460 build/tasks.o
 .bss.uxCurrentNumberOfTasks
                0x200006ac        0x4 build/tasks.o
 .bss.uxDeletedTasksWaitingCleanUp
                0x200006b0        0x4 build/tasks.o
 .bss.uxPendedTicks
                0x200006b4        0x4 build/tasks.o
 .bss.uxSchedulerSuspended
                0x200006b8        0x4 build/tasks.o
 .bss.uxTaskNumber
                0x200006bc        0x4 build/tasks.o
 .bss.uxTopReadyPriority
                0x200006c0        0x4 build/tasks.o
 .bss.xDelayedTaskList1
                0x200006c4       0x14 build/tasks.o
 .bss.xDelayedTaskList2
                0x200006d8       0x14 build/tasks.o
 .bss.xIdleTaskHandle
                0x200006ec        0x4 build/tasks.o
 .bss.xNextTaskUnblockTime
                0x200006f0        0x4 build/tasks.o
 .bss.xNumOfOverflows
                0x200006f4        0x4 build/tasks.o
 .bss.xPendingReadyList
                0x200006f8       0x14 build/tasks.o
 .bss.xSchedulerRunning
                0x2000070c        0x4 build/tasks.o
 .bss.xSuspendedTaskList
                0x20000710       0x14 build/tasks.o
 .bss.xTasksWaitingTermination
                0x20000724       0x14 build/tasks.o
 .bss.xTickCount
                0x20000738        0x4 build/tasks.o
 .bss.xYieldPending
                0x2000073c        0x4 build/tasks.o
 .bss.pxCurrentTimerList
                0x20000740        0x4 build/timers.o
 .bss.pxOverflowTimerList
                0x20000744        0x4 build/timers.o
 .bss.ucStaticTimerQueueStorage.1
                0x20000748       0xa0 build/timers.o
 .bss.xActiveTimerList1
                0x200007e8       0x14 build/timers.o
 .bss.xActiveTimerList2
                0x200007fc       0x14 build/timers.o
 .bss.xLastTime.2
                0x20000810        0x4 build/timers.o
 .bss.xStaticTimerQueue.0
                0x20000814       0x50 build/timers.o
 .bss.xTimerQueue
                0x20000864        0x4 build/timers.o
 .bss.xTimerTaskHandle
                0x20000868        0x4 build/timers.o
 .bss.Idle_Stack
                0x2000086c      0x100 build/cmsis_os2.o
 .bss.Idle_TCB  0x2000096c       0x5c build/cmsis_os2.o
 .bss.KernelState
                0x200009c8        0x4 build/cmsis_os2.o
 .bss.Timer_Stack
                0x200009cc      0x200 build/cmsis_os2.o
 .bss.Timer_TCB
                0x20000bcc       0x5c build/cmsis_os2.o
 .bss.pxEnd     0x20000c28        0x4 build/heap_4.o
 .bss.ucHeap    0x20000c2c     0x2710 build/heap_4.o
 .bss.xBlockAllocatedBit
                0x2000333c        0x4 build/heap_4.o
 .bss.xFreeBytesRemaining
                0x20003340        0x4 build/heap_4.o
 .bss.xMinimumEverFreeBytesRemaining
                0x20003344        0x4 build/heap_4.o
 .bss.xStart    0x20003348        0x8 build/heap_4.o
 .bss.ucMaxSysCallPriority
                0x20003350        0x1 build/port.o
 *fill*         0x20003351        0x3 
 .bss.ulMaxPRIGROUPValue
                0x20003354        0x4 build/port.o
 .bss.ServoHandle
                0x20003358        0x4 build/servo.o
                0x20003358                ServoHandle
 .bss.UARTPRINTF_SemaphoreHandle
                0x2000335c        0x4 build/uart.o
                0x2000335c                UARTPRINTF_SemaphoreHandle
 .bss.UartHandle
                0x20003360        0x4 build/uart.o
                0x20003360                UartHandle
 .bss.rx_p      0x20003364        0x1 build/uart.o
                0x20003364                rx_p
 .bss.rxdat     0x20003365        0x1 build/uart.o
                0x20003365                rxdat
 *fill*         0x20003366        0x2 
 .bss.rxdata    0x20003368        0xa build/uart.o
                0x20003368                rxdata
 .bss.rxflag    0x20003372        0x1 build/uart.o
                0x20003372                rxflag
 *fill*         0x20003373        0x1 
 .bss.KeyTimerHandle
                0x20003374        0x4 build/motor.o
                0x20003374                KeyTimerHandle
 .bss.MotorHandle
                0x20003378        0x4 build/motor.o
                0x20003378                MotorHandle
 .bss.SpeedGetHandle
                0x2000337c        0x4 build/motor.o
                0x2000337c                SpeedGetHandle
 .bss.key       0x20003380        0x9 build/motor.o
                0x20003380                key
 *fill*         0x20003389        0x3 
 .bss.motor1    0x2000338c       0x44 build/motor.o
                0x2000338c                motor1
 .bss.motor2    0x200033d0       0x44 build/motor.o
                0x200033d0                motor2
 .bss.motor3    0x20003414       0x44 build/motor.o
                0x20003414                motor3
 .bss.motor4    0x20003458       0x44 build/motor.o
                0x20003458                motor4
 .bss.xMotorSemaphore
                0x2000349c        0xc build/motor.o
                0x2000349c                xMotorSemaphore
 .bss.xOneShotTimer1
                0x200034a8        0x4 build/motor.o
                0x200034a8                xOneShotTimer1
 .bss.xOneShotTimer2
                0x200034ac        0x4 build/motor.o
                0x200034ac                xOneShotTimer2
 .bss.xOneShotTimer3
                0x200034b0        0x4 build/motor.o
                0x200034b0                xOneShotTimer3
 .bss.xtimer    0x200034b4        0x1 build/motor.o
                0x200034b4                xtimer
 *fill*         0x200034b5        0x3 
 .bss.huart1    0x200034b8       0x48 build/usart.o
                0x200034b8                huart1
 .bss.htim4     0x20003500       0x48 build/stm32f1xx_hal_timebase_tim.o
                0x20003500                htim4
 .bss.__sbrk_heap_end
                0x20003548        0x4 build/sysmem.o
 .bss.htim2     0x2000354c       0x48 build/tim.o
                0x2000354c                htim2
 .bss.htim3     0x20003594       0x48 build/tim.o
                0x20003594                htim3
 .bss.defaultTaskHandle
                0x200035dc        0x4 build/freertos.o
                0x200035dc                defaultTaskHandle
 .bss.__malloc_free_list
                0x200035e0        0x4 d:/program files (x86)/gnu arm embedded toolchain/10 2021.10/bin/../lib/gcc/arm-none-eabi/10.3.1/../../../../arm-none-eabi/lib/thumb/v7-m/nofp\libc_nano.a(lib_a-nano-mallocr.o)
                0x200035e0                __malloc_free_list
 .bss.__malloc_sbrk_start
                0x200035e4        0x4 d:/program files (x86)/gnu arm embedded toolchain/10 2021.10/bin/../lib/gcc/arm-none-eabi/10.3.1/../../../../arm-none-eabi/lib/thumb/v7-m/nofp\libc_nano.a(lib_a-nano-mallocr.o)
                0x200035e4                __malloc_sbrk_start
 .bss.errno     0x200035e8        0x4 d:/program files (x86)/gnu arm embedded toolchain/10 2021.10/bin/../lib/gcc/arm-none-eabi/10.3.1/../../../../arm-none-eabi/lib/thumb/v7-m/nofp\libc_nano.a(lib_a-reent.o)
                0x200035e8                errno
 .bss.__lock___malloc_recursive_mutex
                0x200035ec        0x1 d:/program files (x86)/gnu arm embedded toolchain/10 2021.10/bin/../lib/gcc/arm-none-eabi/10.3.1/../../../../arm-none-eabi/lib/thumb/v7-m/nofp\libc_nano.a(lib_a-lock.o)
                0x200035ec                __lock___malloc_recursive_mutex
 .bss.__lock___sfp_recursive_mutex
                0x200035ed        0x1 d:/program files (x86)/gnu arm embedded toolchain/10 2021.10/bin/../lib/gcc/arm-none-eabi/10.3.1/../../../../arm-none-eabi/lib/thumb/v7-m/nofp\libc_nano.a(lib_a-lock.o)
                0x200035ed                __lock___sfp_recursive_mutex
 .bss.__lock___sinit_recursive_mutex
                0x200035ee        0x1 d:/program files (x86)/gnu arm embedded toolchain/10 2021.10/bin/../lib/gcc/arm-none-eabi/10.3.1/../../../../arm-none-eabi/lib/thumb/v7-m/nofp\libc_nano.a(lib_a-lock.o)
                0x200035ee                __lock___sinit_recursive_mutex
 *(COMMON)
                0x200035f0                . = ALIGN (0x4)
 *fill*         0x200035ef        0x1 
                0x200035f0                _ebss = .
                0x200035f0                __bss_end__ = _ebss

._user_heap_stack
                0x200035f0     0x1800 load address 0x08009c4c
                0x200035f0                . = ALIGN (0x8)
                [!provide]                PROVIDE (end = .)
                0x200035f0                PROVIDE (_end = .)
                0x200045f0                . = (. + _Min_Heap_Size)
 *fill*         0x200035f0     0x1000 
                0x20004df0                . = (. + _Min_Stack_Size)
 *fill*         0x200045f0      0x800 
                0x20004df0                . = ALIGN (0x8)

/DISCARD/
 libc.a(*)
 libm.a(*)
 libgcc.a(*)

.ARM.attributes
                0x00000000       0x29
 *(.ARM.attributes)
 .ARM.attributes
                0x00000000       0x1d d:/program files (x86)/gnu arm embedded toolchain/10 2021.10/bin/../lib/gcc/arm-none-eabi/10.3.1/thumb/v7-m/nofp/crti.o
 .ARM.attributes
                0x0000001d       0x2d d:/program files (x86)/gnu arm embedded toolchain/10 2021.10/bin/../lib/gcc/arm-none-eabi/10.3.1/thumb/v7-m/nofp/crtbegin.o
 .ARM.attributes
                0x0000004a       0x2d build/stm32f1xx_hal.o
 .ARM.attributes
                0x00000077       0x2d build/stm32f1xx_hal_rcc.o
 .ARM.attributes
                0x000000a4       0x2d build/stm32f1xx_hal_gpio.o
 .ARM.attributes
                0x000000d1       0x2d build/stm32f1xx_hal_dma.o
 .ARM.attributes
                0x000000fe       0x2d build/stm32f1xx_hal_cortex.o
 .ARM.attributes
                0x0000012b       0x2d build/stm32f1xx_hal_tim.o
 .ARM.attributes
                0x00000158       0x2d build/stm32f1xx_hal_tim_ex.o
 .ARM.attributes
                0x00000185       0x2d build/stm32f1xx_hal_uart.o
 .ARM.attributes
                0x000001b2       0x2d build/list.o
 .ARM.attributes
                0x000001df       0x2d build/queue.o
 .ARM.attributes
                0x0000020c       0x2d build/tasks.o
 .ARM.attributes
                0x00000239       0x2d build/timers.o
 .ARM.attributes
                0x00000266       0x2d build/cmsis_os2.o
 .ARM.attributes
                0x00000293       0x2d build/heap_4.o
 .ARM.attributes
                0x000002c0       0x2d build/port.o
 .ARM.attributes
                0x000002ed       0x2d build/servo.o
 .ARM.attributes
                0x0000031a       0x2d build/uart.o
 .ARM.attributes
                0x00000347       0x2d build/pid.o
 .ARM.attributes
                0x00000374       0x2d build/motor.o
 .ARM.attributes
                0x000003a1       0x2d build/usart.o
 .ARM.attributes
                0x000003ce       0x2d build/stm32f1xx_it.o
 .ARM.attributes
                0x000003fb       0x2d build/stm32f1xx_hal_timebase_tim.o
 .ARM.attributes
                0x00000428       0x2d build/main.o
 .ARM.attributes
                0x00000455       0x2d build/gpio.o
 .ARM.attributes
                0x00000482       0x2d build/sysmem.o
 .ARM.attributes
                0x000004af       0x2d build/tim.o
 .ARM.attributes
                0x000004dc       0x2d build/stm32f1xx_hal_msp.o
 .ARM.attributes
                0x00000509       0x2d build/syscalls.o
 .ARM.attributes
                0x00000536       0x2d build/system_stm32f1xx.o
 .ARM.attributes
                0x00000563       0x2d build/freertos.o
 .ARM.attributes
                0x00000590       0x21 build/startup_stm32f103xb.o
 .ARM.attributes
                0x000005b1       0x2d d:/program files (x86)/gnu arm embedded toolchain/10 2021.10/bin/../lib/gcc/arm-none-eabi/10.3.1/../../../../arm-none-eabi/lib/thumb/v7-m/nofp\libc_nano.a(lib_a-errno.o)
 .ARM.attributes
                0x000005de       0x2d d:/program files (x86)/gnu arm embedded toolchain/10 2021.10/bin/../lib/gcc/arm-none-eabi/10.3.1/../../../../arm-none-eabi/lib/thumb/v7-m/nofp\libc_nano.a(lib_a-impure.o)
 .ARM.attributes
                0x0000060b       0x2d d:/program files (x86)/gnu arm embedded toolchain/10 2021.10/bin/../lib/gcc/arm-none-eabi/10.3.1/../../../../arm-none-eabi/lib/thumb/v7-m/nofp\libc_nano.a(lib_a-init.o)
 .ARM.attributes
                0x00000638       0x2d d:/program files (x86)/gnu arm embedded toolchain/10 2021.10/bin/../lib/gcc/arm-none-eabi/10.3.1/../../../../arm-none-eabi/lib/thumb/v7-m/nofp\libc_nano.a(lib_a-memcpy-stub.o)
 .ARM.attributes
                0x00000665       0x2d d:/program files (x86)/gnu arm embedded toolchain/10 2021.10/bin/../lib/gcc/arm-none-eabi/10.3.1/../../../../arm-none-eabi/lib/thumb/v7-m/nofp\libc_nano.a(lib_a-memset.o)
 .ARM.attributes
                0x00000692       0x2d d:/program files (x86)/gnu arm embedded toolchain/10 2021.10/bin/../lib/gcc/arm-none-eabi/10.3.1/../../../../arm-none-eabi/lib/thumb/v7-m/nofp\libc_nano.a(lib_a-nano-vfprintf_float.o)
 .ARM.attributes
                0x000006bf       0x2d d:/program files (x86)/gnu arm embedded toolchain/10 2021.10/bin/../lib/gcc/arm-none-eabi/10.3.1/../../../../arm-none-eabi/lib/thumb/v7-m/nofp\libc_nano.a(lib_a-nano-vfprintf_i.o)
 .ARM.attributes
                0x000006ec       0x17 d:/program files (x86)/gnu arm embedded toolchain/10 2021.10/bin/../lib/gcc/arm-none-eabi/10.3.1/../../../../arm-none-eabi/lib/thumb/v7-m/nofp\libc_nano.a(lib_a-strlen.o)
 .ARM.attributes
                0x00000703       0x2d d:/program files (x86)/gnu arm embedded toolchain/10 2021.10/bin/../lib/gcc/arm-none-eabi/10.3.1/../../../../arm-none-eabi/lib/thumb/v7-m/nofp\libc_nano.a(lib_a-vsnprintf.o)
 .ARM.attributes
                0x00000730       0x2d d:/program files (x86)/gnu arm embedded toolchain/10 2021.10/bin/../lib/gcc/arm-none-eabi/10.3.1/../../../../arm-none-eabi/lib/thumb/v7-m/nofp\libc_nano.a(lib_a-dtoa.o)
 .ARM.attributes
                0x0000075d       0x2d d:/program files (x86)/gnu arm embedded toolchain/10 2021.10/bin/../lib/gcc/arm-none-eabi/10.3.1/../../../../arm-none-eabi/lib/thumb/v7-m/nofp\libc_nano.a(lib_a-localeconv.o)
 .ARM.attributes
                0x0000078a       0x2d d:/program files (x86)/gnu arm embedded toolchain/10 2021.10/bin/../lib/gcc/arm-none-eabi/10.3.1/../../../../arm-none-eabi/lib/thumb/v7-m/nofp\libc_nano.a(lib_a-malloc.o)
 .ARM.attributes
                0x000007b7       0x2d d:/program files (x86)/gnu arm embedded toolchain/10 2021.10/bin/../lib/gcc/arm-none-eabi/10.3.1/../../../../arm-none-eabi/lib/thumb/v7-m/nofp\libc_nano.a(lib_a-memchr-stub.o)
 .ARM.attributes
                0x000007e4       0x2d d:/program files (x86)/gnu arm embedded toolchain/10 2021.10/bin/../lib/gcc/arm-none-eabi/10.3.1/../../../../arm-none-eabi/lib/thumb/v7-m/nofp\libc_nano.a(lib_a-mprec.o)
 .ARM.attributes
                0x00000811       0x2d d:/program files (x86)/gnu arm embedded toolchain/10 2021.10/bin/../lib/gcc/arm-none-eabi/10.3.1/../../../../arm-none-eabi/lib/thumb/v7-m/nofp\libc_nano.a(lib_a-nano-callocr.o)
 .ARM.attributes
                0x0000083e       0x2d d:/program files (x86)/gnu arm embedded toolchain/10 2021.10/bin/../lib/gcc/arm-none-eabi/10.3.1/../../../../arm-none-eabi/lib/thumb/v7-m/nofp\libc_nano.a(lib_a-nano-freer.o)
 .ARM.attributes
                0x0000086b       0x2d d:/program files (x86)/gnu arm embedded toolchain/10 2021.10/bin/../lib/gcc/arm-none-eabi/10.3.1/../../../../arm-none-eabi/lib/thumb/v7-m/nofp\libc_nano.a(lib_a-nano-mallocr.o)
 .ARM.attributes
                0x00000898       0x2d d:/program files (x86)/gnu arm embedded toolchain/10 2021.10/bin/../lib/gcc/arm-none-eabi/10.3.1/../../../../arm-none-eabi/lib/thumb/v7-m/nofp\libc_nano.a(lib_a-nano-svfprintf.o)
 .ARM.attributes
                0x000008c5       0x2d d:/program files (x86)/gnu arm embedded toolchain/10 2021.10/bin/../lib/gcc/arm-none-eabi/10.3.1/../../../../arm-none-eabi/lib/thumb/v7-m/nofp\libc_nano.a(lib_a-sbrkr.o)
 .ARM.attributes
                0x000008f2       0x2d d:/program files (x86)/gnu arm embedded toolchain/10 2021.10/bin/../lib/gcc/arm-none-eabi/10.3.1/../../../../arm-none-eabi/lib/thumb/v7-m/nofp\libc_nano.a(lib_a-assert.o)
 .ARM.attributes
                0x0000091f       0x2d d:/program files (x86)/gnu arm embedded toolchain/10 2021.10/bin/../lib/gcc/arm-none-eabi/10.3.1/../../../../arm-none-eabi/lib/thumb/v7-m/nofp\libc_nano.a(lib_a-fprintf.o)
 .ARM.attributes
                0x0000094c       0x2d d:/program files (x86)/gnu arm embedded toolchain/10 2021.10/bin/../lib/gcc/arm-none-eabi/10.3.1/../../../../arm-none-eabi/lib/thumb/v7-m/nofp\libc_nano.a(lib_a-locale.o)
 .ARM.attributes
                0x00000979       0x2d d:/program files (x86)/gnu arm embedded toolchain/10 2021.10/bin/../lib/gcc/arm-none-eabi/10.3.1/../../../../arm-none-eabi/lib/thumb/v7-m/nofp\libc_nano.a(lib_a-mbtowc_r.o)
 .ARM.attributes
                0x000009a6       0x2d d:/program files (x86)/gnu arm embedded toolchain/10 2021.10/bin/../lib/gcc/arm-none-eabi/10.3.1/../../../../arm-none-eabi/lib/thumb/v7-m/nofp\libc_nano.a(lib_a-memmove.o)
 .ARM.attributes
                0x000009d3       0x2d d:/program files (x86)/gnu arm embedded toolchain/10 2021.10/bin/../lib/gcc/arm-none-eabi/10.3.1/../../../../arm-none-eabi/lib/thumb/v7-m/nofp\libc_nano.a(lib_a-mlock.o)
 .ARM.attributes
                0x00000a00       0x2d d:/program files (x86)/gnu arm embedded toolchain/10 2021.10/bin/../lib/gcc/arm-none-eabi/10.3.1/../../../../arm-none-eabi/lib/thumb/v7-m/nofp\libc_nano.a(lib_a-nano-reallocr.o)
 .ARM.attributes
                0x00000a2d       0x2d d:/program files (x86)/gnu arm embedded toolchain/10 2021.10/bin/../lib/gcc/arm-none-eabi/10.3.1/../../../../arm-none-eabi/lib/thumb/v7-m/nofp\libc_nano.a(lib_a-nano-vfprintf.o)
 .ARM.attributes
                0x00000a5a       0x2d d:/program files (x86)/gnu arm embedded toolchain/10 2021.10/bin/../lib/gcc/arm-none-eabi/10.3.1/../../../../arm-none-eabi/lib/thumb/v7-m/nofp\libc_nano.a(lib_a-reent.o)
 .ARM.attributes
                0x00000a87       0x2d d:/program files (x86)/gnu arm embedded toolchain/10 2021.10/bin/../lib/gcc/arm-none-eabi/10.3.1/../../../../arm-none-eabi/lib/thumb/v7-m/nofp\libc_nano.a(lib_a-wbuf.o)
 .ARM.attributes
                0x00000ab4       0x2d d:/program files (x86)/gnu arm embedded toolchain/10 2021.10/bin/../lib/gcc/arm-none-eabi/10.3.1/../../../../arm-none-eabi/lib/thumb/v7-m/nofp\libc_nano.a(lib_a-wctomb_r.o)
 .ARM.attributes
                0x00000ae1       0x2d d:/program files (x86)/gnu arm embedded toolchain/10 2021.10/bin/../lib/gcc/arm-none-eabi/10.3.1/../../../../arm-none-eabi/lib/thumb/v7-m/nofp\libc_nano.a(lib_a-wsetup.o)
 .ARM.attributes
                0x00000b0e       0x2d d:/program files (x86)/gnu arm embedded toolchain/10 2021.10/bin/../lib/gcc/arm-none-eabi/10.3.1/../../../../arm-none-eabi/lib/thumb/v7-m/nofp\libc_nano.a(lib_a-abort.o)
 .ARM.attributes
                0x00000b3b       0x2d d:/program files (x86)/gnu arm embedded toolchain/10 2021.10/bin/../lib/gcc/arm-none-eabi/10.3.1/../../../../arm-none-eabi/lib/thumb/v7-m/nofp\libc_nano.a(lib_a-ctype_.o)
 .ARM.attributes
                0x00000b68       0x2d d:/program files (x86)/gnu arm embedded toolchain/10 2021.10/bin/../lib/gcc/arm-none-eabi/10.3.1/../../../../arm-none-eabi/lib/thumb/v7-m/nofp\libc_nano.a(lib_a-fflush.o)
 .ARM.attributes
                0x00000b95       0x2d d:/program files (x86)/gnu arm embedded toolchain/10 2021.10/bin/../lib/gcc/arm-none-eabi/10.3.1/../../../../arm-none-eabi/lib/thumb/v7-m/nofp\libc_nano.a(lib_a-findfp.o)
 .ARM.attributes